<html>
<body>
<pre>
<h1>µVision Build Log</h1>
<h2>Tool Versions:</h2>
IDE-Version: µVision V5.28.0.0
Copyright (C) 2019 ARM Ltd and ARM Germany GmbH. All rights reserved.
License Information: mehmet Mr. Kemaloglu, asd, LIC=----
 
Tool Versions:
Toolchain:       MDK-Lite  Version: 5.28.0.0
Toolchain Path:  C:\Keil_v5\ARM\ARMCC\Bin
C Compiler:      Armcc.exe V5.06 update 6 (build 750)
Assembler:       Armasm.exe V5.06 update 6 (build 750)
Linker/Locator:  ArmLink.exe V5.06 update 6 (build 750)
Library Manager: ArmAr.exe V5.06 update 6 (build 750)
Hex Converter:   FromElf.exe V5.06 update 6 (build 750)
CPU DLL:         SARMCM3.DLL V5.28.0.0
Dialog DLL:      DCM.DLL V1.17.3.0
Target DLL:      CMSIS_AGDI.dll V1.31.18.0
Dialog DLL:      TCM.DLL V1.36.2.0
 
<h2>Project:</h2>
C:\Users\Mr. Kemaloglu\Desktop\Derslerim\CMPE443\Final Project\Lab Templates\8\LAB_008.uvprojx
Project File Date:  12/26/2019

<h2>Output:</h2>
*** Using Compiler 'V5.06 update 6 (build 750)', folder: 'C:\Keil_v5\ARM\ARMCC\Bin'
Rebuild target 'NXP_LPC4088'
compiling External.c...
compiling GPIO.c...
Library\GPIO.h(58): warning:  #1295-D: Deprecated declaration GPIO_Motor_Init - give arg types
  void GPIO_Motor_Init();
Library\GPIO.c: 1 warning, 0 errors
compiling Car.c...
Library/PWM.h(63): warning:  #1295-D: Deprecated declaration GO_FORWARD_LED - give arg types
  void GO_FORWARD_LED();
Library/PWM.h(64): warning:  #1295-D: Deprecated declaration GO_BACKWARD_LED - give arg types
  void GO_BACKWARD_LED();
Library/PWM.h(65): warning:  #1295-D: Deprecated declaration TURN_LEFT_LED - give arg types
  void TURN_LEFT_LED();
Library/PWM.h(66): warning:  #1295-D: Deprecated declaration TURN_RIGHT_LED - give arg types
  void TURN_RIGHT_LED();
Library/PWM.h(67): warning:  #1295-D: Deprecated declaration STOP_LED - give arg types
  void STOP_LED();
Library/GPIO.h(58): warning:  #1295-D: Deprecated declaration GPIO_Motor_Init - give arg types
  void GPIO_Motor_Init();
Car.h(8): warning:  #1295-D: Deprecated declaration Car_Init - give arg types
  void Car_Init();
Car.h(10): warning:  #1295-D: Deprecated declaration GO_FORWARD - give arg types
  void GO_FORWARD();
Car.h(11): warning:  #1295-D: Deprecated declaration GO_BACKWARD - give arg types
  void GO_BACKWARD();
Car.h(12): warning:  #1295-D: Deprecated declaration TURN_LEFT - give arg types
  void TURN_LEFT();
Car.h(13): warning:  #1295-D: Deprecated declaration TURN_RIGHT - give arg types
  void TURN_RIGHT();
Car.h(14): warning:  #1295-D: Deprecated declaration STOP - give arg types
  void STOP();
Car.h(16): warning:  #1295-D: Deprecated declaration GO_FORWARD_MOTOR - give arg types
  void GO_FORWARD_MOTOR();
Car.h(17): warning:  #1295-D: Deprecated declaration GO_BACKWARD_MOTOR - give arg types
  void GO_BACKWARD_MOTOR();
Car.h(18): warning:  #1295-D: Deprecated declaration TURN_LEFT_MOTOR - give arg types
  void TURN_LEFT_MOTOR();
Car.h(19): warning:  #1295-D: Deprecated declaration TURN_RIGHT_MOTOR - give arg types
  void TURN_RIGHT_MOTOR();
Car.h(20): warning:  #1295-D: Deprecated declaration STOP_MOTOR - give arg types
  void STOP_MOTOR();
Car.h(23): warning:  #1-D: last line of file ends without a newline
  #endif
Car.c(60): warning:  #1-D: last line of file ends without a newline
  }
Car.c: 19 warnings, 0 errors
compiling Joystick.c...
Library\GPIO.h(58): warning:  #1295-D: Deprecated declaration GPIO_Motor_Init - give arg types
  void GPIO_Motor_Init();
Library\Joystick.c: 1 warning, 0 errors
compiling main.c...
Library/GPIO.h(58): warning:  #1295-D: Deprecated declaration GPIO_Motor_Init - give arg types
  void GPIO_Motor_Init();
Library/PWM.h(63): warning:  #1295-D: Deprecated declaration GO_FORWARD_LED - give arg types
  void GO_FORWARD_LED();
Library/PWM.h(64): warning:  #1295-D: Deprecated declaration GO_BACKWARD_LED - give arg types
  void GO_BACKWARD_LED();
Library/PWM.h(65): warning:  #1295-D: Deprecated declaration TURN_LEFT_LED - give arg types
  void TURN_LEFT_LED();
Library/PWM.h(66): warning:  #1295-D: Deprecated declaration TURN_RIGHT_LED - give arg types
  void TURN_RIGHT_LED();
Library/PWM.h(67): warning:  #1295-D: Deprecated declaration STOP_LED - give arg types
  void STOP_LED();
Car.h(8): warning:  #1295-D: Deprecated declaration Car_Init - give arg types
  void Car_Init();
Car.h(10): warning:  #1295-D: Deprecated declaration GO_FORWARD - give arg types
  void GO_FORWARD();
Car.h(11): warning:  #1295-D: Deprecated declaration GO_BACKWARD - give arg types
  void GO_BACKWARD();
Car.h(12): warning:  #1295-D: Deprecated declaration TURN_LEFT - give arg types
  void TURN_LEFT();
Car.h(13): warning:  #1295-D: Deprecated declaration TURN_RIGHT - give arg types
  void TURN_RIGHT();
Car.h(14): warning:  #1295-D: Deprecated declaration STOP - give arg types
  void STOP();
Car.h(16): warning:  #1295-D: Deprecated declaration GO_FORWARD_MOTOR - give arg types
  void GO_FORWARD_MOTOR();
Car.h(17): warning:  #1295-D: Deprecated declaration GO_BACKWARD_MOTOR - give arg types
  void GO_BACKWARD_MOTOR();
Car.h(18): warning:  #1295-D: Deprecated declaration TURN_LEFT_MOTOR - give arg types
  void TURN_LEFT_MOTOR();
Car.h(19): warning:  #1295-D: Deprecated declaration TURN_RIGHT_MOTOR - give arg types
  void TURN_RIGHT_MOTOR();
Car.h(20): warning:  #1295-D: Deprecated declaration STOP_MOTOR - give arg types
  void STOP_MOTOR();
Car.h(23): warning:  #1-D: last line of file ends without a newline
  #endif
main.c: 18 warnings, 0 errors
compiling PWM.c...
Library\PWM.h(63): warning:  #1295-D: Deprecated declaration GO_FORWARD_LED - give arg types
  void GO_FORWARD_LED();
Library\PWM.h(64): warning:  #1295-D: Deprecated declaration GO_BACKWARD_LED - give arg types
  void GO_BACKWARD_LED();
Library\PWM.h(65): warning:  #1295-D: Deprecated declaration TURN_LEFT_LED - give arg types
  void TURN_LEFT_LED();
Library\PWM.h(66): warning:  #1295-D: Deprecated declaration TURN_RIGHT_LED - give arg types
  void TURN_RIGHT_LED();
Library\PWM.h(67): warning:  #1295-D: Deprecated declaration STOP_LED - give arg types
  void STOP_LED();
Library\PWM.c: 5 warnings, 0 errors
compiling LED.c...
Library\GPIO.h(58): warning:  #1295-D: Deprecated declaration GPIO_Motor_Init - give arg types
  void GPIO_Motor_Init();
Library\LED.c: 1 warning, 0 errors
assembling startup_LPC407x_8x_177x_8x.s...
compiling system_LPC407x_8x_177x_8x.c...
linking...
Program Size: Code=1884 RO-data=260 RW-data=16 ZI-data=1024  
".\Objects\LAB_008.axf" - 0 Error(s), 45 Warning(s).

<h2>Software Packages used:</h2>

Package Vendor: ARM
                http://www.keil.com/pack/ARM.CMSIS.5.5.1.pack
                ARM.CMSIS.5.5.1
                CMSIS (Cortex Microcontroller Software Interface Standard)
   * Component: CORE Version: 5.2.0

Package Vendor: Keil
                http://www.keil.com/pack/Keil.LPC4000_DFP.2.1.0.pack
                Keil.LPC4000_DFP.2.1.0
                NXP LPC4000 Series Device Support
   * Component: Startup Version: 1.0.1

<h2>Collection of Component include folders:</h2>
  .\RTE\Device\LPC4088FET208
  .\RTE\_NXP_LPC4088
  C:\Users\Mr. Kemaloglu\AppData\Local\Arm\Packs\ARM\CMSIS\5.5.1\CMSIS\Core\Include
  C:\Users\Mr. Kemaloglu\AppData\Local\Arm\Packs\Keil\LPC4000_DFP\2.1.0\Device\Include

<h2>Collection of Component Files used:</h2>

   * Component: ARM::CMSIS:CORE:5.2.0

   * Component: Keil::Device:Startup:1.0.1
      Source file:   Device\Source\system_LPC407x_8x_177x_8x.c
      Include file:  Device\Include\system_LPC407x_8x_177x_8x.h
      Source file:   Device\Source\ARM\startup_LPC407x_8x_177x_8x.s
      Include file:  Device\Include\LPC407x_8x_177x_8x.h
      Include file:  RTE_Driver\Config\RTE_Device.h
Build Time Elapsed:  00:00:01
</pre>
</body>
</html>
