Component: ARM Compiler 5.06 update 6 (build 750) Tool: armlink [4d35ed]

==============================================================================

Section Cross References

    main.o(i.autoInit) refers to car.o(i.STOP) for STOP
    main.o(i.autoInit) refers to pwm.o(i.PWM1_Write) for PWM1_Write
    main.o(i.autoInit) refers to main.o(.data) for isAuto
    main.o(i.autoInit) refers to external.o(.data) for turn
    main.o(i.autoInit) refers to serial.o(.data) for serialSelectedCommand
    main.o(i.init) refers to pwm.o(i.PWM0_Init) for PWM0_Init
    main.o(i.init) refers to pwm.o(i.PWM1_Init) for PWM1_Init
    main.o(i.init) refers to gpio.o(i.GPIO_Motor_Init) for GPIO_Motor_Init
    main.o(i.init) refers to car.o(i.STOP) for STOP
    main.o(i.init) refers to adc.o(i.ADC_Init) for ADC_Init
    main.o(i.init) refers to timer.o(i.Timer_Init) for Timer_Init
    main.o(i.init) refers to adc.o(i.ADC_Start) for ADC_Start
    main.o(i.init) refers to hm10.o(i.HM10_Init) for HM10_Init
    main.o(i.init) refers to external.o(i.External_Init) for External_Init
    main.o(i.init) refers to ultrasonic.o(i.Ultrasonic_Init) for Ultrasonic_Init
    main.o(i.init) refers to ultrasonic.o(i.Ultrasonic_Trigger_Timer_Init) for Ultrasonic_Trigger_Timer_Init
    main.o(i.init) refers to ultrasonic.o(i.Ultrasonic_Capture_Timer_Init) for Ultrasonic_Capture_Timer_Init
    main.o(i.init) refers to ultrasonic.o(i.Ultrasonic_Start_Trigger_Timer) for Ultrasonic_Start_Trigger_Timer
    main.o(i.init) refers to main.o(.data) for status
    main.o(i.init) refers to serial.o(.data) for serialSelectedCommand
    main.o(i.main) refers to main.o(i.init) for init
    main.o(i.main) refers to hm10.o(i.HM10_ReadCommand) for HM10_ReadCommand
    main.o(i.main) refers to car.o(i.STOP) for STOP
    main.o(i.main) refers to main.o(i.updateTest) for updateTest
    main.o(i.main) refers to main.o(i.updateAuto) for updateAuto
    main.o(i.main) refers to serial.o(.data) for selectedMode
    main.o(i.main) refers to main.o(.data) for isTest
    main.o(i.stopCar) refers to car.o(i.STOP) for STOP
    main.o(i.updateAuto) refers to main.o(i.autoInit) for autoInit
    main.o(i.updateAuto) refers to car.o(i.MOVE_AUTO) for MOVE_AUTO
    main.o(i.updateAuto) refers to adc.o(i.ADC_GetLastValue) for ADC_GetLastValue
    main.o(i.updateAuto) refers to car.o(i.STOP) for STOP
    main.o(i.updateAuto) refers to hm10.o(i.HM10_Write) for HM10_Write
    main.o(i.updateAuto) refers to main.o(.data) for isAuto
    main.o(i.updateAuto) refers to serial.o(.data) for serialSelectedCommand
    main.o(i.updateAuto) refers to ultrasonic.o(.data) for ultrasonicSensorNewDataAvailable
    main.o(i.updateAuto) refers to adc.o(.data) for ADC_New_Data_Available
    main.o(i.updateTest) refers to car.o(i.GO_FORWARD) for GO_FORWARD
    main.o(i.updateTest) refers to car.o(i.GO_BACKWARD) for GO_BACKWARD
    main.o(i.updateTest) refers to car.o(i.STOP) for STOP
    main.o(i.updateTest) refers to car.o(i.TURN_LEFT) for TURN_LEFT
    main.o(i.updateTest) refers to car.o(i.TURN_RIGHT) for TURN_RIGHT
    main.o(i.updateTest) refers to adc.o(i.ADC_GetLastValue) for ADC_GetLastValue
    main.o(i.updateTest) refers to car.o(i.velocity_Calculator) for velocity_Calculator
    main.o(i.updateTest) refers to car.o(i.change_velocity) for change_velocity
    main.o(i.updateTest) refers to serial.o(.data) for serialSelectedCommand
    main.o(i.updateTest) refers to main.o(.data) for status
    main.o(i.updateTest) refers to external.o(.data) for turn
    main.o(i.updateTest) refers to adc.o(.data) for ADC_New_Data_Available
    gpio.o(i.GPIO_Motor_Init) refers to gpio.o(i.GPIO_DIR_Write) for GPIO_DIR_Write
    joystick.o(i.Joystick_Center_Pressed) refers to gpio.o(i.GPIO_PIN_Read) for GPIO_PIN_Read
    joystick.o(i.Joystick_Down_Pressed) refers to gpio.o(i.GPIO_PIN_Read) for GPIO_PIN_Read
    joystick.o(i.Joystick_Init) refers to gpio.o(i.GPIO_DIR_Write) for GPIO_DIR_Write
    joystick.o(i.Joystick_Left_Pressed) refers to gpio.o(i.GPIO_PIN_Read) for GPIO_PIN_Read
    joystick.o(i.Joystick_Right_Pressed) refers to gpio.o(i.GPIO_PIN_Read) for GPIO_PIN_Read
    joystick.o(i.Joystick_Up_Pressed) refers to gpio.o(i.GPIO_PIN_Read) for GPIO_PIN_Read
    pwm.o(i.GO_BACKWARD_LED) refers to pwm.o(i.PWM0_Cycle_Rate) for PWM0_Cycle_Rate
    pwm.o(i.GO_BACKWARD_LED) refers to pwm.o(i.PWM0_Write) for PWM0_Write
    pwm.o(i.GO_FORWARD_LED) refers to pwm.o(i.PWM0_Cycle_Rate) for PWM0_Cycle_Rate
    pwm.o(i.GO_FORWARD_LED) refers to pwm.o(i.PWM0_Write) for PWM0_Write
    pwm.o(i.PWM0_Init) refers to pwm.o(i.PWM0_Write) for PWM0_Write
    pwm.o(i.PWM1_Init) refers to pwm.o(i.PWM1_Write) for PWM1_Write
    pwm.o(i.STOP_LED) refers to pwm.o(i.PWM0_Cycle_Rate) for PWM0_Cycle_Rate
    pwm.o(i.STOP_LED) refers to pwm.o(i.PWM0_Write) for PWM0_Write
    pwm.o(i.TURN_LEFT_LED) refers to pwm.o(i.PWM0_Cycle_Rate) for PWM0_Cycle_Rate
    pwm.o(i.TURN_LEFT_LED) refers to pwm.o(i.PWM0_Write) for PWM0_Write
    pwm.o(i.TURN_RIGHT_LED) refers to pwm.o(i.PWM0_Cycle_Rate) for PWM0_Cycle_Rate
    pwm.o(i.TURN_RIGHT_LED) refers to pwm.o(i.PWM0_Write) for PWM0_Write
    external.o(i.EINT0_IRQHandler) refers to external.o(.data) for turn
    led.o(i.LED1_Init) refers to gpio.o(i.GPIO_DIR_Write) for GPIO_DIR_Write
    led.o(i.LED1_Off) refers to gpio.o(i.GPIO_PIN_Write) for GPIO_PIN_Write
    led.o(i.LED1_On) refers to gpio.o(i.GPIO_PIN_Write) for GPIO_PIN_Write
    led.o(i.LED2_Init) refers to gpio.o(i.GPIO_DIR_Write) for GPIO_DIR_Write
    led.o(i.LED2_Off) refers to gpio.o(i.GPIO_PIN_Write) for GPIO_PIN_Write
    led.o(i.LED2_On) refers to gpio.o(i.GPIO_PIN_Write) for GPIO_PIN_Write
    led.o(i.LED3_Init) refers to gpio.o(i.GPIO_DIR_Write) for GPIO_DIR_Write
    led.o(i.LED3_Off) refers to gpio.o(i.GPIO_PIN_Write) for GPIO_PIN_Write
    led.o(i.LED3_On) refers to gpio.o(i.GPIO_PIN_Write) for GPIO_PIN_Write
    led.o(i.LED4_Init) refers to gpio.o(i.GPIO_DIR_Write) for GPIO_DIR_Write
    led.o(i.LED4_Off) refers to gpio.o(i.GPIO_PIN_Write) for GPIO_PIN_Write
    led.o(i.LED4_On) refers to gpio.o(i.GPIO_PIN_Write) for GPIO_PIN_Write
    led.o(i.LED_Init) refers to led.o(i.LED1_Init) for LED1_Init
    led.o(i.LED_Init) refers to led.o(i.LED2_Init) for LED2_Init
    led.o(i.LED_Init) refers to led.o(i.LED3_Init) for LED3_Init
    led.o(i.LED_Init) refers to led.o(i.LED4_Init) for LED4_Init
    led.o(i.LED_OFF) refers to led.o(i.LED1_Off) for LED1_Off
    led.o(i.LED_OFF) refers to led.o(i.LED2_Off) for LED2_Off
    led.o(i.LED_OFF) refers to led.o(i.LED3_Off) for LED3_Off
    led.o(i.LED_OFF) refers to led.o(i.LED4_Off) for LED4_Off
    led.o(i.LED_ON) refers to led.o(i.LED1_On) for LED1_On
    led.o(i.LED_ON) refers to led.o(i.LED2_On) for LED2_On
    led.o(i.LED_ON) refers to led.o(i.LED3_On) for LED3_On
    led.o(i.LED_ON) refers to led.o(i.LED4_On) for LED4_On
    car.o(i.GO_BACKWARD) refers to car.o(i.GO_BACKWARD_MOTOR) for GO_BACKWARD_MOTOR
    car.o(i.GO_BACKWARD) refers to pwm.o(i.GO_BACKWARD_LED) for GO_BACKWARD_LED
    car.o(i.GO_BACKWARD_MOTOR) refers to gpio.o(i.GPIO_PIN_Write) for GPIO_PIN_Write
    car.o(i.GO_FORWARD) refers to car.o(i.GO_FORWARD_MOTOR) for GO_FORWARD_MOTOR
    car.o(i.GO_FORWARD) refers to pwm.o(i.GO_FORWARD_LED) for GO_FORWARD_LED
    car.o(i.GO_FORWARD_MOTOR) refers to gpio.o(i.GPIO_PIN_Write) for GPIO_PIN_Write
    car.o(i.MOVE_AUTO) refers to pwm.o(i.PWM1_Write) for PWM1_Write
    car.o(i.MOVE_AUTO) refers to gpio.o(i.GPIO_PIN_Write) for GPIO_PIN_Write
    car.o(i.MOVE_AUTO) refers to pwm.o(i.PWM0_Cycle_Rate) for PWM0_Cycle_Rate
    car.o(i.MOVE_AUTO) refers to pwm.o(i.PWM0_Write) for PWM0_Write
    car.o(i.STOP) refers to car.o(i.STOP_MOTOR) for STOP_MOTOR
    car.o(i.STOP) refers to pwm.o(i.STOP_LED) for STOP_LED
    car.o(i.STOP_MOTOR) refers to gpio.o(i.GPIO_PIN_Write) for GPIO_PIN_Write
    car.o(i.TURN_LEFT) refers to car.o(i.TURN_LEFT_MOTOR) for TURN_LEFT_MOTOR
    car.o(i.TURN_LEFT) refers to pwm.o(i.TURN_LEFT_LED) for TURN_LEFT_LED
    car.o(i.TURN_LEFT_MOTOR) refers to gpio.o(i.GPIO_PIN_Write) for GPIO_PIN_Write
    car.o(i.TURN_RIGHT) refers to car.o(i.TURN_RIGHT_MOTOR) for TURN_RIGHT_MOTOR
    car.o(i.TURN_RIGHT) refers to pwm.o(i.TURN_RIGHT_LED) for TURN_RIGHT_LED
    car.o(i.TURN_RIGHT_MOTOR) refers to gpio.o(i.GPIO_PIN_Write) for GPIO_PIN_Write
    car.o(i.change_velocity) refers to pwm.o(i.PWM1_Write) for PWM1_Write
    car.o(i.change_velocity) refers to car.o(.data) for velocity
    adc.o(i.ADC_GetLastValue) refers to adc.o(.data) for ADC_New_Data_Available
    adc.o(i.ADC_GetLastValue) refers to adc.o(.bss) for ADC_Last_Value
    adc.o(i.ADC_IRQHandler) refers to adc.o(i.enableADC) for enableADC
    adc.o(i.ADC_IRQHandler) refers to adc.o(.data) for selectedADC
    adc.o(i.ADC_IRQHandler) refers to adc.o(.bss) for ADC_Last_Value
    ultrasonic.o(i.TIMER2_IRQHandler) refers to ultrasonic.o(.data) for ultrasonicSensorTriggerStart
    ultrasonic.o(i.TIMER3_IRQHandler) refers to ultrasonic.o(.data) for ultrasonicSensorCaptureRisingEdge
    ultrasonic.o(i.Ultrasonic_Capture_Timer_Init) refers to ultrasonic.o(i.__NVIC_EnableIRQ) for __NVIC_EnableIRQ
    ultrasonic.o(i.Ultrasonic_Start_Trigger_Timer) refers to ultrasonic.o(i.__NVIC_EnableIRQ) for __NVIC_EnableIRQ
    ultrasonic.o(i.Ultrasonic_Trigger_Timer_Init) refers to ultrasonic.o(i.__NVIC_EnableIRQ) for __NVIC_EnableIRQ
    hm10.o(i.HM10_ClearBuffer) refers to hm10.o(.bss) for HM10Buffer
    hm10.o(i.HM10_ClearBuffer) refers to hm10.o(.data) for HM10CurrentBufferIndex
    hm10.o(i.HM10_Init) refers to hm10.o(i.HM10_Write) for HM10_Write
    hm10.o(i.HM10_ReadCommand) refers to serial.o(i.Serial_DetectCommand) for Serial_DetectCommand
    hm10.o(i.HM10_ReadCommand) refers to hm10.o(i.HM10_Write) for HM10_Write
    hm10.o(i.HM10_ReadCommand) refers to hm10.o(i.HM10_ClearBuffer) for HM10_ClearBuffer
    hm10.o(i.HM10_ReadCommand) refers to printf3.o(i.__0sprintf$3) for __2sprintf
    hm10.o(i.HM10_ReadCommand) refers to hm10.o(.data) for HM10NewDataAvailable
    hm10.o(i.HM10_ReadCommand) refers to hm10.o(.bss) for HM10Buffer
    hm10.o(i.HM10_ReadCommand) refers to serial.o(.data) for serialSelectedCommand
    hm10.o(i.HM10_ReadCommand) refers to ultrasonic.o(.data) for ultrasonicSensorFallingCaptureTime
    hm10.o(i.HM10_ReadCommand) refers to adc.o(.bss) for ADC_Last_Value
    hm10.o(i.HM10_SendCommand) refers to hm10.o(i.HM10_Write) for HM10_Write
    hm10.o(i.HM10_Write) refers to hm10.o(i.HM10_WriteData) for HM10_WriteData
    hm10.o(i.UART3_IRQHandler) refers to hm10.o(i.HM10_ReadData) for HM10_ReadData
    hm10.o(i.UART3_IRQHandler) refers to hm10.o(.data) for HM10NewDataAvailable
    hm10.o(i.UART3_IRQHandler) refers to hm10.o(.bss) for HM10Buffer
    serial.o(i.Serial_DetectCommand) refers to strcmp.o(.text) for strcmp
    serial.o(i.Serial_DetectCommand) refers to pwm.o(i.PWM1_Write) for PWM1_Write
    serial.o(i.Serial_DetectCommand) refers to serial.o(.data) for serialSelectedCommand
    serial.o(i.Serial_DetectCommand) refers to main.o(.data) for status
    serial.o(i.Serial_Init) refers to serial.o(i.write_Characters) for write_Characters
    serial.o(i.Serial_ReadCommand) refers to serial.o(i.Serial_DetectCommand) for Serial_DetectCommand
    serial.o(i.Serial_ReadCommand) refers to serial.o(i.Serial_WriteData) for Serial_WriteData
    serial.o(i.Serial_ReadCommand) refers to serial.o(i.write_Characters) for write_Characters
    serial.o(i.Serial_ReadCommand) refers to serial.o(.data) for serialNewDataAvailable
    serial.o(i.Serial_ReadCommand) refers to serial.o(.bss) for characters
    serial.o(i.Serial_WriteData) refers to serial.o(.data) for serialTransmitCompleted
    serial.o(i.UART0_IRQHandler) refers to serial.o(i.Serial_ReadData) for Serial_ReadData
    serial.o(i.UART0_IRQHandler) refers to serial.o(i.Serial_WriteData) for Serial_WriteData
    serial.o(i.UART0_IRQHandler) refers to serial.o(.data) for serialReceivedCharacter
    serial.o(i.write_Characters) refers to serial.o(i.Serial_WriteData) for Serial_WriteData
    serial.o(i.write_Characters) refers to serial.o(.data) for serialTransmitData
    startup_lpc407x_8x_177x_8x.o(RESET) refers to startup_lpc407x_8x_177x_8x.o(STACK) for __initial_sp
    startup_lpc407x_8x_177x_8x.o(RESET) refers to startup_lpc407x_8x_177x_8x.o(.text) for Reset_Handler
    startup_lpc407x_8x_177x_8x.o(RESET) refers to ultrasonic.o(i.TIMER2_IRQHandler) for TIMER2_IRQHandler
    startup_lpc407x_8x_177x_8x.o(RESET) refers to ultrasonic.o(i.TIMER3_IRQHandler) for TIMER3_IRQHandler
    startup_lpc407x_8x_177x_8x.o(RESET) refers to serial.o(i.UART0_IRQHandler) for UART0_IRQHandler
    startup_lpc407x_8x_177x_8x.o(RESET) refers to hm10.o(i.UART3_IRQHandler) for UART3_IRQHandler
    startup_lpc407x_8x_177x_8x.o(RESET) refers to external.o(i.EINT0_IRQHandler) for EINT0_IRQHandler
    startup_lpc407x_8x_177x_8x.o(RESET) refers to adc.o(i.ADC_IRQHandler) for ADC_IRQHandler
    startup_lpc407x_8x_177x_8x.o(.text) refers to system_lpc407x_8x_177x_8x.o(i.SystemInit) for SystemInit
    startup_lpc407x_8x_177x_8x.o(.text) refers to entry.o(.ARM.Collect$$$$00000000) for __main
    system_lpc407x_8x_177x_8x.o(i.SystemCoreClockUpdate) refers to system_lpc407x_8x_177x_8x.o(.data) for SystemCoreClock
    system_lpc407x_8x_177x_8x.o(i.SystemInit) refers to system_lpc407x_8x_177x_8x.o(i.fpu_init) for fpu_init
    system_lpc407x_8x_177x_8x.o(i.SystemInit) refers to system_lpc407x_8x_177x_8x.o(i.SystemCoreClockUpdate) for SystemCoreClockUpdate
    entry.o(.ARM.Collect$$$$00000000) refers (Special) to entry10a.o(.ARM.Collect$$$$0000000D) for __rt_final_cpp
    entry.o(.ARM.Collect$$$$00000000) refers (Special) to entry11a.o(.ARM.Collect$$$$0000000F) for __rt_final_exit
    entry.o(.ARM.Collect$$$$00000000) refers (Special) to entry7b.o(.ARM.Collect$$$$00000008) for _main_clock
    entry.o(.ARM.Collect$$$$00000000) refers (Special) to entry8b.o(.ARM.Collect$$$$0000000A) for _main_cpp_init
    entry.o(.ARM.Collect$$$$00000000) refers (Special) to entry9a.o(.ARM.Collect$$$$0000000B) for _main_init
    entry.o(.ARM.Collect$$$$00000000) refers (Special) to entry5.o(.ARM.Collect$$$$00000004) for _main_scatterload
    entry.o(.ARM.Collect$$$$00000000) refers (Special) to entry2.o(.ARM.Collect$$$$00000001) for _main_stk
    printfb.o(i.__0fprintf$bare) refers to printfb.o(i._printf_core) for _printf_core
    printfb.o(i.__0fprintf$bare) refers to fputc.o(i.fputc) for fputc
    printfb.o(i.__0printf$bare) refers to printfb.o(i._printf_core) for _printf_core
    printfb.o(i.__0printf$bare) refers to fputc.o(i.fputc) for fputc
    printfb.o(i.__0printf$bare) refers to stdout.o(.data) for __stdout
    printfb.o(i.__0snprintf$bare) refers to printfb.o(i._printf_core) for _printf_core
    printfb.o(i.__0snprintf$bare) refers to printfb.o(i._snputc) for _snputc
    printfb.o(i.__0sprintf$bare) refers to printfb.o(i._printf_core) for _printf_core
    printfb.o(i.__0sprintf$bare) refers to printfb.o(i._sputc) for _sputc
    printfb.o(i.__0vfprintf$bare) refers to printfb.o(i._printf_core) for _printf_core
    printfb.o(i.__0vfprintf$bare) refers to fputc.o(i.fputc) for fputc
    printfb.o(i.__0vprintf$bare) refers to printfb.o(i._printf_core) for _printf_core
    printfb.o(i.__0vprintf$bare) refers to fputc.o(i.fputc) for fputc
    printfb.o(i.__0vprintf$bare) refers to stdout.o(.data) for __stdout
    printfb.o(i.__0vsnprintf$bare) refers to printfb.o(i._printf_core) for _printf_core
    printfb.o(i.__0vsnprintf$bare) refers to printfb.o(i._snputc) for _snputc
    printfb.o(i.__0vsprintf$bare) refers to printfb.o(i._printf_core) for _printf_core
    printfb.o(i.__0vsprintf$bare) refers to printfb.o(i._sputc) for _sputc
    printf0.o(i.__0fprintf$0) refers to printf0.o(i._printf_core) for _printf_core
    printf0.o(i.__0fprintf$0) refers to fputc.o(i.fputc) for fputc
    printf0.o(i.__0printf$0) refers to printf0.o(i._printf_core) for _printf_core
    printf0.o(i.__0printf$0) refers to fputc.o(i.fputc) for fputc
    printf0.o(i.__0printf$0) refers to stdout.o(.data) for __stdout
    printf0.o(i.__0snprintf$0) refers to printf0.o(i._printf_core) for _printf_core
    printf0.o(i.__0snprintf$0) refers to printf0.o(i._snputc) for _snputc
    printf0.o(i.__0sprintf$0) refers to printf0.o(i._printf_core) for _printf_core
    printf0.o(i.__0sprintf$0) refers to printf0.o(i._sputc) for _sputc
    printf0.o(i.__0vfprintf$0) refers to printf0.o(i._printf_core) for _printf_core
    printf0.o(i.__0vfprintf$0) refers to fputc.o(i.fputc) for fputc
    printf0.o(i.__0vprintf$0) refers to printf0.o(i._printf_core) for _printf_core
    printf0.o(i.__0vprintf$0) refers to fputc.o(i.fputc) for fputc
    printf0.o(i.__0vprintf$0) refers to stdout.o(.data) for __stdout
    printf0.o(i.__0vsnprintf$0) refers to printf0.o(i._printf_core) for _printf_core
    printf0.o(i.__0vsnprintf$0) refers to printf0.o(i._snputc) for _snputc
    printf0.o(i.__0vsprintf$0) refers to printf0.o(i._printf_core) for _printf_core
    printf0.o(i.__0vsprintf$0) refers to printf0.o(i._sputc) for _sputc
    printf1.o(i.__0fprintf$1) refers to printf1.o(i._printf_core) for _printf_core
    printf1.o(i.__0fprintf$1) refers to fputc.o(i.fputc) for fputc
    printf1.o(i.__0printf$1) refers to printf1.o(i._printf_core) for _printf_core
    printf1.o(i.__0printf$1) refers to fputc.o(i.fputc) for fputc
    printf1.o(i.__0printf$1) refers to stdout.o(.data) for __stdout
    printf1.o(i.__0snprintf$1) refers to printf1.o(i._printf_core) for _printf_core
    printf1.o(i.__0snprintf$1) refers to printf1.o(i._snputc) for _snputc
    printf1.o(i.__0sprintf$1) refers to printf1.o(i._printf_core) for _printf_core
    printf1.o(i.__0sprintf$1) refers to printf1.o(i._sputc) for _sputc
    printf1.o(i.__0vfprintf$1) refers to printf1.o(i._printf_core) for _printf_core
    printf1.o(i.__0vfprintf$1) refers to fputc.o(i.fputc) for fputc
    printf1.o(i.__0vprintf$1) refers to printf1.o(i._printf_core) for _printf_core
    printf1.o(i.__0vprintf$1) refers to fputc.o(i.fputc) for fputc
    printf1.o(i.__0vprintf$1) refers to stdout.o(.data) for __stdout
    printf1.o(i.__0vsnprintf$1) refers to printf1.o(i._printf_core) for _printf_core
    printf1.o(i.__0vsnprintf$1) refers to printf1.o(i._snputc) for _snputc
    printf1.o(i.__0vsprintf$1) refers to printf1.o(i._printf_core) for _printf_core
    printf1.o(i.__0vsprintf$1) refers to printf1.o(i._sputc) for _sputc
    printf1.o(i._printf_core) refers to uidiv.o(.text) for __aeabi_uidivmod
    printf2.o(i.__0fprintf$2) refers to printf2.o(i._printf_core) for _printf_core
    printf2.o(i.__0fprintf$2) refers to fputc.o(i.fputc) for fputc
    printf2.o(i.__0printf$2) refers to printf2.o(i._printf_core) for _printf_core
    printf2.o(i.__0printf$2) refers to fputc.o(i.fputc) for fputc
    printf2.o(i.__0printf$2) refers to stdout.o(.data) for __stdout
    printf2.o(i.__0snprintf$2) refers to printf2.o(i._printf_core) for _printf_core
    printf2.o(i.__0snprintf$2) refers to printf2.o(i._snputc) for _snputc
    printf2.o(i.__0sprintf$2) refers to printf2.o(i._printf_core) for _printf_core
    printf2.o(i.__0sprintf$2) refers to printf2.o(i._sputc) for _sputc
    printf2.o(i.__0vfprintf$2) refers to printf2.o(i._printf_core) for _printf_core
    printf2.o(i.__0vfprintf$2) refers to fputc.o(i.fputc) for fputc
    printf2.o(i.__0vprintf$2) refers to printf2.o(i._printf_core) for _printf_core
    printf2.o(i.__0vprintf$2) refers to fputc.o(i.fputc) for fputc
    printf2.o(i.__0vprintf$2) refers to stdout.o(.data) for __stdout
    printf2.o(i.__0vsnprintf$2) refers to printf2.o(i._printf_core) for _printf_core
    printf2.o(i.__0vsnprintf$2) refers to printf2.o(i._snputc) for _snputc
    printf2.o(i.__0vsprintf$2) refers to printf2.o(i._printf_core) for _printf_core
    printf2.o(i.__0vsprintf$2) refers to printf2.o(i._sputc) for _sputc
    printf3.o(i.__0fprintf$3) refers to printf3.o(i._printf_core) for _printf_core
    printf3.o(i.__0fprintf$3) refers to fputc.o(i.fputc) for fputc
    printf3.o(i.__0printf$3) refers to printf3.o(i._printf_core) for _printf_core
    printf3.o(i.__0printf$3) refers to fputc.o(i.fputc) for fputc
    printf3.o(i.__0printf$3) refers to stdout.o(.data) for __stdout
    printf3.o(i.__0snprintf$3) refers to printf3.o(i._printf_core) for _printf_core
    printf3.o(i.__0snprintf$3) refers to printf3.o(i._snputc) for _snputc
    printf3.o(i.__0sprintf$3) refers to printf3.o(i._printf_core) for _printf_core
    printf3.o(i.__0sprintf$3) refers to printf3.o(i._sputc) for _sputc
    printf3.o(i.__0vfprintf$3) refers to printf3.o(i._printf_core) for _printf_core
    printf3.o(i.__0vfprintf$3) refers to fputc.o(i.fputc) for fputc
    printf3.o(i.__0vprintf$3) refers to printf3.o(i._printf_core) for _printf_core
    printf3.o(i.__0vprintf$3) refers to fputc.o(i.fputc) for fputc
    printf3.o(i.__0vprintf$3) refers to stdout.o(.data) for __stdout
    printf3.o(i.__0vsnprintf$3) refers to printf3.o(i._printf_core) for _printf_core
    printf3.o(i.__0vsnprintf$3) refers to printf3.o(i._snputc) for _snputc
    printf3.o(i.__0vsprintf$3) refers to printf3.o(i._printf_core) for _printf_core
    printf3.o(i.__0vsprintf$3) refers to printf3.o(i._sputc) for _sputc
    printf3.o(i._printf_core) refers to uidiv.o(.text) for __aeabi_uidivmod
    printf4.o(i.__0fprintf$4) refers to printf4.o(i._printf_core) for _printf_core
    printf4.o(i.__0fprintf$4) refers to fputc.o(i.fputc) for fputc
    printf4.o(i.__0printf$4) refers to printf4.o(i._printf_core) for _printf_core
    printf4.o(i.__0printf$4) refers to fputc.o(i.fputc) for fputc
    printf4.o(i.__0printf$4) refers to stdout.o(.data) for __stdout
    printf4.o(i.__0snprintf$4) refers to printf4.o(i._printf_core) for _printf_core
    printf4.o(i.__0snprintf$4) refers to printf4.o(i._snputc) for _snputc
    printf4.o(i.__0sprintf$4) refers to printf4.o(i._printf_core) for _printf_core
    printf4.o(i.__0sprintf$4) refers to printf4.o(i._sputc) for _sputc
    printf4.o(i.__0vfprintf$4) refers to printf4.o(i._printf_core) for _printf_core
    printf4.o(i.__0vfprintf$4) refers to fputc.o(i.fputc) for fputc
    printf4.o(i.__0vprintf$4) refers to printf4.o(i._printf_core) for _printf_core
    printf4.o(i.__0vprintf$4) refers to fputc.o(i.fputc) for fputc
    printf4.o(i.__0vprintf$4) refers to stdout.o(.data) for __stdout
    printf4.o(i.__0vsnprintf$4) refers to printf4.o(i._printf_core) for _printf_core
    printf4.o(i.__0vsnprintf$4) refers to printf4.o(i._snputc) for _snputc
    printf4.o(i.__0vsprintf$4) refers to printf4.o(i._printf_core) for _printf_core
    printf4.o(i.__0vsprintf$4) refers to printf4.o(i._sputc) for _sputc
    printf4.o(i._printf_core) refers to uldiv.o(.text) for __aeabi_uldivmod
    printf5.o(i.__0fprintf$5) refers to printf5.o(i._printf_core) for _printf_core
    printf5.o(i.__0fprintf$5) refers to fputc.o(i.fputc) for fputc
    printf5.o(i.__0printf$5) refers to printf5.o(i._printf_core) for _printf_core
    printf5.o(i.__0printf$5) refers to fputc.o(i.fputc) for fputc
    printf5.o(i.__0printf$5) refers to stdout.o(.data) for __stdout
    printf5.o(i.__0snprintf$5) refers to printf5.o(i._printf_core) for _printf_core
    printf5.o(i.__0snprintf$5) refers to printf5.o(i._snputc) for _snputc
    printf5.o(i.__0sprintf$5) refers to printf5.o(i._printf_core) for _printf_core
    printf5.o(i.__0sprintf$5) refers to printf5.o(i._sputc) for _sputc
    printf5.o(i.__0vfprintf$5) refers to printf5.o(i._printf_core) for _printf_core
    printf5.o(i.__0vfprintf$5) refers to fputc.o(i.fputc) for fputc
    printf5.o(i.__0vprintf$5) refers to printf5.o(i._printf_core) for _printf_core
    printf5.o(i.__0vprintf$5) refers to fputc.o(i.fputc) for fputc
    printf5.o(i.__0vprintf$5) refers to stdout.o(.data) for __stdout
    printf5.o(i.__0vsnprintf$5) refers to printf5.o(i._printf_core) for _printf_core
    printf5.o(i.__0vsnprintf$5) refers to printf5.o(i._snputc) for _snputc
    printf5.o(i.__0vsprintf$5) refers to printf5.o(i._printf_core) for _printf_core
    printf5.o(i.__0vsprintf$5) refers to printf5.o(i._sputc) for _sputc
    printf5.o(i._printf_core) refers to uldiv.o(.text) for __aeabi_uldivmod
    printf6.o(i.__0fprintf$6) refers to printf6.o(i._printf_core) for _printf_core
    printf6.o(i.__0fprintf$6) refers to fputc.o(i.fputc) for fputc
    printf6.o(i.__0printf$6) refers to printf6.o(i._printf_core) for _printf_core
    printf6.o(i.__0printf$6) refers to fputc.o(i.fputc) for fputc
    printf6.o(i.__0printf$6) refers to stdout.o(.data) for __stdout
    printf6.o(i.__0snprintf$6) refers to printf6.o(i._printf_core) for _printf_core
    printf6.o(i.__0snprintf$6) refers to printf6.o(i._snputc) for _snputc
    printf6.o(i.__0sprintf$6) refers to printf6.o(i._printf_core) for _printf_core
    printf6.o(i.__0sprintf$6) refers to printf6.o(i._sputc) for _sputc
    printf6.o(i.__0vfprintf$6) refers to printf6.o(i._printf_core) for _printf_core
    printf6.o(i.__0vfprintf$6) refers to fputc.o(i.fputc) for fputc
    printf6.o(i.__0vprintf$6) refers to printf6.o(i._printf_core) for _printf_core
    printf6.o(i.__0vprintf$6) refers to fputc.o(i.fputc) for fputc
    printf6.o(i.__0vprintf$6) refers to stdout.o(.data) for __stdout
    printf6.o(i.__0vsnprintf$6) refers to printf6.o(i._printf_core) for _printf_core
    printf6.o(i.__0vsnprintf$6) refers to printf6.o(i._snputc) for _snputc
    printf6.o(i.__0vsprintf$6) refers to printf6.o(i._printf_core) for _printf_core
    printf6.o(i.__0vsprintf$6) refers to printf6.o(i._sputc) for _sputc
    printf6.o(i._printf_core) refers to printf6.o(i._printf_pre_padding) for _printf_pre_padding
    printf6.o(i._printf_core) refers to uidiv.o(.text) for __aeabi_uidivmod
    printf6.o(i._printf_core) refers to printf6.o(i._printf_post_padding) for _printf_post_padding
    printf7.o(i.__0fprintf$7) refers to printf7.o(i._printf_core) for _printf_core
    printf7.o(i.__0fprintf$7) refers to fputc.o(i.fputc) for fputc
    printf7.o(i.__0printf$7) refers to printf7.o(i._printf_core) for _printf_core
    printf7.o(i.__0printf$7) refers to fputc.o(i.fputc) for fputc
    printf7.o(i.__0printf$7) refers to stdout.o(.data) for __stdout
    printf7.o(i.__0snprintf$7) refers to printf7.o(i._printf_core) for _printf_core
    printf7.o(i.__0snprintf$7) refers to printf7.o(i._snputc) for _snputc
    printf7.o(i.__0sprintf$7) refers to printf7.o(i._printf_core) for _printf_core
    printf7.o(i.__0sprintf$7) refers to printf7.o(i._sputc) for _sputc
    printf7.o(i.__0vfprintf$7) refers to printf7.o(i._printf_core) for _printf_core
    printf7.o(i.__0vfprintf$7) refers to fputc.o(i.fputc) for fputc
    printf7.o(i.__0vprintf$7) refers to printf7.o(i._printf_core) for _printf_core
    printf7.o(i.__0vprintf$7) refers to fputc.o(i.fputc) for fputc
    printf7.o(i.__0vprintf$7) refers to stdout.o(.data) for __stdout
    printf7.o(i.__0vsnprintf$7) refers to printf7.o(i._printf_core) for _printf_core
    printf7.o(i.__0vsnprintf$7) refers to printf7.o(i._snputc) for _snputc
    printf7.o(i.__0vsprintf$7) refers to printf7.o(i._printf_core) for _printf_core
    printf7.o(i.__0vsprintf$7) refers to printf7.o(i._sputc) for _sputc
    printf7.o(i._printf_core) refers to printf7.o(i._printf_pre_padding) for _printf_pre_padding
    printf7.o(i._printf_core) refers to uldiv.o(.text) for __aeabi_uldivmod
    printf7.o(i._printf_core) refers to printf7.o(i._printf_post_padding) for _printf_post_padding
    printf8.o(i.__0fprintf$8) refers to printf8.o(i._printf_core) for _printf_core
    printf8.o(i.__0fprintf$8) refers to fputc.o(i.fputc) for fputc
    printf8.o(i.__0printf$8) refers to printf8.o(i._printf_core) for _printf_core
    printf8.o(i.__0printf$8) refers to fputc.o(i.fputc) for fputc
    printf8.o(i.__0printf$8) refers to stdout.o(.data) for __stdout
    printf8.o(i.__0snprintf$8) refers to printf8.o(i._printf_core) for _printf_core
    printf8.o(i.__0snprintf$8) refers to printf8.o(i._snputc) for _snputc
    printf8.o(i.__0sprintf$8) refers to printf8.o(i._printf_core) for _printf_core
    printf8.o(i.__0sprintf$8) refers to printf8.o(i._sputc) for _sputc
    printf8.o(i.__0vfprintf$8) refers to printf8.o(i._printf_core) for _printf_core
    printf8.o(i.__0vfprintf$8) refers to fputc.o(i.fputc) for fputc
    printf8.o(i.__0vprintf$8) refers to printf8.o(i._printf_core) for _printf_core
    printf8.o(i.__0vprintf$8) refers to fputc.o(i.fputc) for fputc
    printf8.o(i.__0vprintf$8) refers to stdout.o(.data) for __stdout
    printf8.o(i.__0vsnprintf$8) refers to printf8.o(i._printf_core) for _printf_core
    printf8.o(i.__0vsnprintf$8) refers to printf8.o(i._snputc) for _snputc
    printf8.o(i.__0vsprintf$8) refers to printf8.o(i._printf_core) for _printf_core
    printf8.o(i.__0vsprintf$8) refers to printf8.o(i._sputc) for _sputc
    printf8.o(i._printf_core) refers to printf8.o(i._printf_pre_padding) for _printf_pre_padding
    printf8.o(i._printf_core) refers to uldiv.o(.text) for __aeabi_uldivmod
    printf8.o(i._printf_core) refers to printf8.o(i._printf_post_padding) for _printf_post_padding
    printfa.o(i.__0fprintf) refers (Special) to iusefp.o(.text) for __I$use$fp
    printfa.o(i.__0fprintf) refers to printfa.o(i._printf_core) for _printf_core
    printfa.o(i.__0fprintf) refers to fputc.o(i.fputc) for fputc
    printfa.o(i.__0printf) refers (Special) to iusefp.o(.text) for __I$use$fp
    printfa.o(i.__0printf) refers to printfa.o(i._printf_core) for _printf_core
    printfa.o(i.__0printf) refers to fputc.o(i.fputc) for fputc
    printfa.o(i.__0printf) refers to stdout.o(.data) for __stdout
    printfa.o(i.__0snprintf) refers (Special) to iusefp.o(.text) for __I$use$fp
    printfa.o(i.__0snprintf) refers to printfa.o(i._printf_core) for _printf_core
    printfa.o(i.__0snprintf) refers to printfa.o(i._snputc) for _snputc
    printfa.o(i.__0sprintf) refers (Special) to iusefp.o(.text) for __I$use$fp
    printfa.o(i.__0sprintf) refers to printfa.o(i._printf_core) for _printf_core
    printfa.o(i.__0sprintf) refers to printfa.o(i._sputc) for _sputc
    printfa.o(i.__0vfprintf) refers (Special) to iusefp.o(.text) for __I$use$fp
    printfa.o(i.__0vfprintf) refers to printfa.o(i._printf_core) for _printf_core
    printfa.o(i.__0vfprintf) refers to fputc.o(i.fputc) for fputc
    printfa.o(i.__0vprintf) refers (Special) to iusefp.o(.text) for __I$use$fp
    printfa.o(i.__0vprintf) refers to printfa.o(i._printf_core) for _printf_core
    printfa.o(i.__0vprintf) refers to fputc.o(i.fputc) for fputc
    printfa.o(i.__0vprintf) refers to stdout.o(.data) for __stdout
    printfa.o(i.__0vsnprintf) refers (Special) to iusefp.o(.text) for __I$use$fp
    printfa.o(i.__0vsnprintf) refers to printfa.o(i._printf_core) for _printf_core
    printfa.o(i.__0vsnprintf) refers to printfa.o(i._snputc) for _snputc
    printfa.o(i.__0vsprintf) refers (Special) to iusefp.o(.text) for __I$use$fp
    printfa.o(i.__0vsprintf) refers to printfa.o(i._printf_core) for _printf_core
    printfa.o(i.__0vsprintf) refers to printfa.o(i._sputc) for _sputc
    printfa.o(i._fp_digits) refers (Special) to iusefp.o(.text) for __I$use$fp
    printfa.o(i._fp_digits) refers to dmul.o(.text) for __aeabi_dmul
    printfa.o(i._fp_digits) refers to ddiv.o(.text) for __aeabi_ddiv
    printfa.o(i._fp_digits) refers to cdrcmple.o(.text) for __aeabi_cdrcmple
    printfa.o(i._fp_digits) refers to dadd.o(.text) for __aeabi_dadd
    printfa.o(i._fp_digits) refers to dfixul.o(.text) for __aeabi_d2ulz
    printfa.o(i._fp_digits) refers to uldiv.o(.text) for __aeabi_uldivmod
    printfa.o(i._printf_core) refers (Special) to iusefp.o(.text) for __I$use$fp
    printfa.o(i._printf_core) refers to printfa.o(i._printf_pre_padding) for _printf_pre_padding
    printfa.o(i._printf_core) refers to uldiv.o(.text) for __aeabi_uldivmod
    printfa.o(i._printf_core) refers to printfa.o(i._printf_post_padding) for _printf_post_padding
    printfa.o(i._printf_core) refers to printfa.o(i._fp_digits) for _fp_digits
    printfa.o(i._printf_core) refers to uidiv.o(.text) for __aeabi_uidivmod
    printfa.o(i._printf_post_padding) refers (Special) to iusefp.o(.text) for __I$use$fp
    printfa.o(i._printf_pre_padding) refers (Special) to iusefp.o(.text) for __I$use$fp
    printfa.o(i._snputc) refers (Special) to iusefp.o(.text) for __I$use$fp
    printfa.o(i._sputc) refers (Special) to iusefp.o(.text) for __I$use$fp
    entry2.o(.ARM.Collect$$$$00000001) refers to entry2.o(.ARM.Collect$$$$00002712) for __lit__00000000
    entry2.o(.ARM.Collect$$$$00002712) refers to startup_lpc407x_8x_177x_8x.o(STACK) for __initial_sp
    entry2.o(__vectab_stack_and_reset_area) refers to startup_lpc407x_8x_177x_8x.o(STACK) for __initial_sp
    entry2.o(__vectab_stack_and_reset_area) refers to entry.o(.ARM.Collect$$$$00000000) for __main
    entry5.o(.ARM.Collect$$$$00000004) refers to init.o(.text) for __scatterload
    entry9a.o(.ARM.Collect$$$$0000000B) refers to main.o(i.main) for main
    entry9b.o(.ARM.Collect$$$$0000000C) refers to main.o(i.main) for main
    fputc.o(i.fputc) refers (Special) to iusesemip.o(.text) for __I$use$semihosting$fputc
    fputc.o(i.fputc) refers (Special) to semi.o(.text) for __semihosting_library_function
    uldiv.o(.text) refers to llushr.o(.text) for __aeabi_llsr
    uldiv.o(.text) refers to llshl.o(.text) for __aeabi_llsl
    dadd.o(.text) refers to llshl.o(.text) for __aeabi_llsl
    dadd.o(.text) refers to llsshr.o(.text) for __aeabi_lasr
    dadd.o(.text) refers to depilogue.o(.text) for _double_epilogue
    dmul.o(.text) refers to depilogue.o(.text) for _double_epilogue
    ddiv.o(.text) refers to depilogue.o(.text) for _double_round
    dfixul.o(.text) refers to llushr.o(.text) for __aeabi_llsr
    dfixul.o(.text) refers to llshl.o(.text) for __aeabi_llsl
    init.o(.text) refers to entry5.o(.ARM.Collect$$$$00000004) for __main_after_scatterload
    depilogue.o(.text) refers to llshl.o(.text) for __aeabi_llsl
    depilogue.o(.text) refers to llushr.o(.text) for __aeabi_llsr


==============================================================================

Removing Unused input sections from the image.

    Removing main.o(.rev16_text), (4 bytes).
    Removing main.o(.revsh_text), (4 bytes).
    Removing main.o(.rrx_text), (6 bytes).
    Removing main.o(i.stopCar), (24 bytes).
    Removing gpio.o(.rev16_text), (4 bytes).
    Removing gpio.o(.revsh_text), (4 bytes).
    Removing gpio.o(.rrx_text), (6 bytes).
    Removing gpio.o(i.GPIO_PIN_Read), (10 bytes).
    Removing joystick.o(.rev16_text), (4 bytes).
    Removing joystick.o(.revsh_text), (4 bytes).
    Removing joystick.o(.rrx_text), (6 bytes).
    Removing joystick.o(i.Joystick_Center_Pressed), (24 bytes).
    Removing joystick.o(i.Joystick_Down_Pressed), (24 bytes).
    Removing joystick.o(i.Joystick_Init), (136 bytes).
    Removing joystick.o(i.Joystick_Left_Pressed), (24 bytes).
    Removing joystick.o(i.Joystick_Right_Pressed), (24 bytes).
    Removing joystick.o(i.Joystick_Up_Pressed), (24 bytes).
    Removing pwm.o(.rev16_text), (4 bytes).
    Removing pwm.o(.revsh_text), (4 bytes).
    Removing pwm.o(.rrx_text), (6 bytes).
    Removing pwm.o(i.PWM1_Cycle_Rate), (32 bytes).
    Removing external.o(.rev16_text), (4 bytes).
    Removing external.o(.revsh_text), (4 bytes).
    Removing external.o(.rrx_text), (6 bytes).
    Removing led.o(.rev16_text), (4 bytes).
    Removing led.o(.revsh_text), (4 bytes).
    Removing led.o(.rrx_text), (6 bytes).
    Removing led.o(i.LED1_Init), (20 bytes).
    Removing led.o(i.LED1_Off), (20 bytes).
    Removing led.o(i.LED1_On), (20 bytes).
    Removing led.o(i.LED2_Init), (20 bytes).
    Removing led.o(i.LED2_Off), (20 bytes).
    Removing led.o(i.LED2_On), (20 bytes).
    Removing led.o(i.LED3_Init), (20 bytes).
    Removing led.o(i.LED3_Off), (20 bytes).
    Removing led.o(i.LED3_On), (20 bytes).
    Removing led.o(i.LED4_Init), (20 bytes).
    Removing led.o(i.LED4_Off), (20 bytes).
    Removing led.o(i.LED4_On), (20 bytes).
    Removing led.o(i.LED_Init), (20 bytes).
    Removing led.o(i.LED_OFF), (20 bytes).
    Removing led.o(i.LED_ON), (20 bytes).
    Removing car.o(.rev16_text), (4 bytes).
    Removing car.o(.revsh_text), (4 bytes).
    Removing car.o(.rrx_text), (6 bytes).
    Removing adc.o(.rev16_text), (4 bytes).
    Removing adc.o(.revsh_text), (4 bytes).
    Removing adc.o(.rrx_text), (6 bytes).
    Removing timer.o(.rev16_text), (4 bytes).
    Removing timer.o(.revsh_text), (4 bytes).
    Removing timer.o(.rrx_text), (6 bytes).
    Removing ultrasonic.o(.rev16_text), (4 bytes).
    Removing ultrasonic.o(.revsh_text), (4 bytes).
    Removing ultrasonic.o(.rrx_text), (6 bytes).
    Removing hm10.o(.rev16_text), (4 bytes).
    Removing hm10.o(.revsh_text), (4 bytes).
    Removing hm10.o(.rrx_text), (6 bytes).
    Removing hm10.o(i.HM10_SendCommand), (12 bytes).
    Removing serial.o(.rev16_text), (4 bytes).
    Removing serial.o(.revsh_text), (4 bytes).
    Removing serial.o(.rrx_text), (6 bytes).
    Removing serial.o(i.Serial_Init), (216 bytes).
    Removing serial.o(i.Serial_ReadCommand), (264 bytes).
    Removing serial.o(i.write_Characters), (48 bytes).
    Removing serial.o(.bss), (128 bytes).
    Removing startup_lpc407x_8x_177x_8x.o(HEAP), (0 bytes).
    Removing system_lpc407x_8x_177x_8x.o(.rev16_text), (4 bytes).
    Removing system_lpc407x_8x_177x_8x.o(.revsh_text), (4 bytes).
    Removing system_lpc407x_8x_177x_8x.o(.rrx_text), (6 bytes).
    Removing dadd.o(.text), (334 bytes).
    Removing dmul.o(.text), (228 bytes).
    Removing ddiv.o(.text), (222 bytes).
    Removing dfixul.o(.text), (48 bytes).
    Removing cdrcmple.o(.text), (48 bytes).
    Removing depilogue.o(.text), (186 bytes).

75 unused section(s) (total 2538 bytes) removed from the image.

==============================================================================

Image Symbol Table

    Local Symbols

    Symbol Name                              Value     Ov Type        Size  Object(Section)

    RESET                                    0x00000000   Section      228  startup_lpc407x_8x_177x_8x.o(RESET)
    ../clib/microlib/division.c              0x00000000   Number         0  uidiv.o ABSOLUTE
    ../clib/microlib/division.c              0x00000000   Number         0  uldiv.o ABSOLUTE
    ../clib/microlib/init/entry.s            0x00000000   Number         0  entry7a.o ABSOLUTE
    ../clib/microlib/init/entry.s            0x00000000   Number         0  entry5.o ABSOLUTE
    ../clib/microlib/init/entry.s            0x00000000   Number         0  entry8a.o ABSOLUTE
    ../clib/microlib/init/entry.s            0x00000000   Number         0  entry7b.o ABSOLUTE
    ../clib/microlib/init/entry.s            0x00000000   Number         0  entry.o ABSOLUTE
    ../clib/microlib/init/entry.s            0x00000000   Number         0  entry2.o ABSOLUTE
    ../clib/microlib/init/entry.s            0x00000000   Number         0  entry8b.o ABSOLUTE
    ../clib/microlib/init/entry.s            0x00000000   Number         0  entry9a.o ABSOLUTE
    ../clib/microlib/init/entry.s            0x00000000   Number         0  entry9b.o ABSOLUTE
    ../clib/microlib/init/entry.s            0x00000000   Number         0  entry10a.o ABSOLUTE
    ../clib/microlib/init/entry.s            0x00000000   Number         0  entry10b.o ABSOLUTE
    ../clib/microlib/init/entry.s            0x00000000   Number         0  entry11a.o ABSOLUTE
    ../clib/microlib/init/entry.s            0x00000000   Number         0  entry11b.o ABSOLUTE
    ../clib/microlib/longlong.c              0x00000000   Number         0  llsshr.o ABSOLUTE
    ../clib/microlib/longlong.c              0x00000000   Number         0  llushr.o ABSOLUTE
    ../clib/microlib/longlong.c              0x00000000   Number         0  llshl.o ABSOLUTE
    ../clib/microlib/printf/printf.c         0x00000000   Number         0  printf0.o ABSOLUTE
    ../clib/microlib/printf/printf.c         0x00000000   Number         0  printf1.o ABSOLUTE
    ../clib/microlib/printf/printf.c         0x00000000   Number         0  printf2.o ABSOLUTE
    ../clib/microlib/printf/printf.c         0x00000000   Number         0  printf3.o ABSOLUTE
    ../clib/microlib/printf/printf.c         0x00000000   Number         0  printf4.o ABSOLUTE
    ../clib/microlib/printf/printf.c         0x00000000   Number         0  printf5.o ABSOLUTE
    ../clib/microlib/printf/printf.c         0x00000000   Number         0  printf6.o ABSOLUTE
    ../clib/microlib/printf/printf.c         0x00000000   Number         0  printf8.o ABSOLUTE
    ../clib/microlib/printf/printf.c         0x00000000   Number         0  printfa.o ABSOLUTE
    ../clib/microlib/printf/printf.c         0x00000000   Number         0  printf7.o ABSOLUTE
    ../clib/microlib/printf/printf.c         0x00000000   Number         0  printfb.o ABSOLUTE
    ../clib/microlib/printf/stubs.s          0x00000000   Number         0  stubs.o ABSOLUTE
    ../clib/microlib/stdio/fputc.c           0x00000000   Number         0  fputc.o ABSOLUTE
    ../clib/microlib/stdio/semi.s            0x00000000   Number         0  semi.o ABSOLUTE
    ../clib/microlib/stdio/streams.c         0x00000000   Number         0  stdout.o ABSOLUTE
    ../clib/microlib/string/strcmp.c         0x00000000   Number         0  strcmp.o ABSOLUTE
    ../clib/microlib/stubs.s                 0x00000000   Number         0  iusesemip.o ABSOLUTE
    ../clib/microlib/stubs.s                 0x00000000   Number         0  iusefp.o ABSOLUTE
    ../fplib/microlib/fpadd.c                0x00000000   Number         0  dadd.o ABSOLUTE
    ../fplib/microlib/fpdiv.c                0x00000000   Number         0  ddiv.o ABSOLUTE
    ../fplib/microlib/fpepilogue.c           0x00000000   Number         0  depilogue.o ABSOLUTE
    ../fplib/microlib/fpfix.c                0x00000000   Number         0  dfixul.o ABSOLUTE
    ../fplib/microlib/fpmul.c                0x00000000   Number         0  dmul.o ABSOLUTE
    Car.c                                    0x00000000   Number         0  car.o ABSOLUTE
    Car.c                                    0x00000000   Number         0  car.o ABSOLUTE
    Library\ADC.c                            0x00000000   Number         0  adc.o ABSOLUTE
    Library\External.c                       0x00000000   Number         0  external.o ABSOLUTE
    Library\GPIO.c                           0x00000000   Number         0  gpio.o ABSOLUTE
    Library\HM10.c                           0x00000000   Number         0  hm10.o ABSOLUTE
    Library\Joystick.c                       0x00000000   Number         0  joystick.o ABSOLUTE
    Library\LED.c                            0x00000000   Number         0  led.o ABSOLUTE
    Library\PWM.c                            0x00000000   Number         0  pwm.o ABSOLUTE
    Library\Serial.c                         0x00000000   Number         0  serial.o ABSOLUTE
    Library\Timer.c                          0x00000000   Number         0  timer.o ABSOLUTE
    Library\Ultrasonic.c                     0x00000000   Number         0  ultrasonic.o ABSOLUTE
    Library\\ADC.c                           0x00000000   Number         0  adc.o ABSOLUTE
    Library\\External.c                      0x00000000   Number         0  external.o ABSOLUTE
    Library\\GPIO.c                          0x00000000   Number         0  gpio.o ABSOLUTE
    Library\\HM10.c                          0x00000000   Number         0  hm10.o ABSOLUTE
    Library\\Joystick.c                      0x00000000   Number         0  joystick.o ABSOLUTE
    Library\\LED.c                           0x00000000   Number         0  led.o ABSOLUTE
    Library\\PWM.c                           0x00000000   Number         0  pwm.o ABSOLUTE
    Library\\Serial.c                        0x00000000   Number         0  serial.o ABSOLUTE
    Library\\Timer.c                         0x00000000   Number         0  timer.o ABSOLUTE
    Library\\Ultrasonic.c                    0x00000000   Number         0  ultrasonic.o ABSOLUTE
    RTE\Device\LPC4088FET208\startup_LPC407x_8x_177x_8x.s 0x00000000   Number         0  startup_lpc407x_8x_177x_8x.o ABSOLUTE
    RTE\Device\LPC4088FET208\system_LPC407x_8x_177x_8x.c 0x00000000   Number         0  system_lpc407x_8x_177x_8x.o ABSOLUTE
    RTE\\Device\\LPC4088FET208\\system_LPC407x_8x_177x_8x.c 0x00000000   Number         0  system_lpc407x_8x_177x_8x.o ABSOLUTE
    cdrcmple.s                               0x00000000   Number         0  cdrcmple.o ABSOLUTE
    dc.s                                     0x00000000   Number         0  dc.o ABSOLUTE
    handlers.s                               0x00000000   Number         0  handlers.o ABSOLUTE
    init.s                                   0x00000000   Number         0  init.o ABSOLUTE
    main.c                                   0x00000000   Number         0  main.o ABSOLUTE
    main.c                                   0x00000000   Number         0  main.o ABSOLUTE
    .ARM.Collect$$$$00000000                 0x000000e4   Section        0  entry.o(.ARM.Collect$$$$00000000)
    .ARM.Collect$$$$00000001                 0x000000e4   Section        4  entry2.o(.ARM.Collect$$$$00000001)
    .ARM.Collect$$$$00000004                 0x000000e8   Section        4  entry5.o(.ARM.Collect$$$$00000004)
    .ARM.Collect$$$$00000008                 0x000000ec   Section        0  entry7b.o(.ARM.Collect$$$$00000008)
    .ARM.Collect$$$$0000000A                 0x000000ec   Section        0  entry8b.o(.ARM.Collect$$$$0000000A)
    .ARM.Collect$$$$0000000B                 0x000000ec   Section        8  entry9a.o(.ARM.Collect$$$$0000000B)
    .ARM.Collect$$$$0000000D                 0x000000f4   Section        0  entry10a.o(.ARM.Collect$$$$0000000D)
    .ARM.Collect$$$$0000000F                 0x000000f4   Section        0  entry11a.o(.ARM.Collect$$$$0000000F)
    .ARM.Collect$$$$00002712                 0x000000f4   Section        4  entry2.o(.ARM.Collect$$$$00002712)
    __lit__00000000                          0x000000f4   Data           4  entry2.o(.ARM.Collect$$$$00002712)
    .text                                    0x000000f8   Section       36  startup_lpc407x_8x_177x_8x.o(.text)
    $v0                                      0x000000f8   Number         0  startup_lpc407x_8x_177x_8x.o(.text)
    .text                                    0x0000011c   Section        0  strcmp.o(.text)
    .text                                    0x00000138   Section        0  uidiv.o(.text)
    .text                                    0x00000164   Section       36  init.o(.text)
    i.ADC_GetLastValue                       0x00000188   Section        0  adc.o(i.ADC_GetLastValue)
    i.ADC_IRQHandler                         0x0000019c   Section        0  adc.o(i.ADC_IRQHandler)
    i.ADC_Start                              0x0000021c   Section        0  adc.o(i.ADC_Start)
    i.EINT0_IRQHandler                       0x00000230   Section        0  external.o(i.EINT0_IRQHandler)
    i.External_Init                          0x00000258   Section        0  external.o(i.External_Init)
    i.GO_BACKWARD                            0x000002b4   Section        0  car.o(i.GO_BACKWARD)
    i.GO_BACKWARD_LED                        0x000002c0   Section        0  pwm.o(i.GO_BACKWARD_LED)
    i.GO_FORWARD                             0x000002ea   Section        0  car.o(i.GO_FORWARD)
    i.__scatterload_null                     0x000002f6   Section        2  handlers.o(i.__scatterload_null)
    .ARM.__at_0x02FC                         0x000002fc   Section        4  startup_lpc407x_8x_177x_8x.o(.ARM.__at_0x02FC)
    i.ADC_Init                               0x00000300   Section        0  adc.o(i.ADC_Init)
    i.GO_BACKWARD_MOTOR                      0x00000400   Section        0  car.o(i.GO_BACKWARD_MOTOR)
    i.GO_FORWARD_LED                         0x00000434   Section        0  pwm.o(i.GO_FORWARD_LED)
    i.GO_FORWARD_MOTOR                       0x00000460   Section        0  car.o(i.GO_FORWARD_MOTOR)
    i.GPIO_DIR_Write                         0x00000494   Section        0  gpio.o(i.GPIO_DIR_Write)
    i.GPIO_Motor_Init                        0x000004a8   Section        0  gpio.o(i.GPIO_Motor_Init)
    i.GPIO_PIN_Write                         0x00000514   Section        0  gpio.o(i.GPIO_PIN_Write)
    i.HM10_ClearBuffer                       0x00000528   Section        0  hm10.o(i.HM10_ClearBuffer)
    i.HM10_Init                              0x00000550   Section        0  hm10.o(i.HM10_Init)
    i.HM10_ReadCommand                       0x00000630   Section        0  hm10.o(i.HM10_ReadCommand)
    i.HM10_ReadData                          0x0000079c   Section        0  hm10.o(i.HM10_ReadData)
    i.HM10_Write                             0x000007b4   Section        0  hm10.o(i.HM10_Write)
    i.HM10_WriteData                         0x000007cc   Section        0  hm10.o(i.HM10_WriteData)
    i.MOVE_AUTO                              0x000007e4   Section        0  car.o(i.MOVE_AUTO)
    i.PWM0_Cycle_Rate                        0x00000854   Section        0  pwm.o(i.PWM0_Cycle_Rate)
    i.PWM0_Init                              0x00000874   Section        0  pwm.o(i.PWM0_Init)
    i.PWM0_Write                             0x00000940   Section        0  pwm.o(i.PWM0_Write)
    i.PWM1_Init                              0x000009b8   Section        0  pwm.o(i.PWM1_Init)
    i.PWM1_Write                             0x00000a48   Section        0  pwm.o(i.PWM1_Write)
    i.STOP                                   0x00000a8c   Section        0  car.o(i.STOP)
    i.STOP_LED                               0x00000a98   Section        0  pwm.o(i.STOP_LED)
    i.STOP_MOTOR                             0x00000ac4   Section        0  car.o(i.STOP_MOTOR)
    i.Serial_DetectCommand                   0x00000af8   Section        0  serial.o(i.Serial_DetectCommand)
    i.Serial_ReadData                        0x00000c38   Section        0  serial.o(i.Serial_ReadData)
    i.Serial_WriteData                       0x00000c44   Section        0  serial.o(i.Serial_WriteData)
    i.SystemCoreClockUpdate                  0x00000c58   Section        0  system_lpc407x_8x_177x_8x.o(i.SystemCoreClockUpdate)
    i.SystemInit                             0x00000f2c   Section        0  system_lpc407x_8x_177x_8x.o(i.SystemInit)
    i.TIMER2_IRQHandler                      0x00001018   Section        0  ultrasonic.o(i.TIMER2_IRQHandler)
    i.TIMER3_IRQHandler                      0x00001064   Section        0  ultrasonic.o(i.TIMER3_IRQHandler)
    i.TURN_LEFT                              0x000010b8   Section        0  car.o(i.TURN_LEFT)
    i.TURN_LEFT_LED                          0x000010c4   Section        0  pwm.o(i.TURN_LEFT_LED)
    i.TURN_LEFT_MOTOR                        0x000010f0   Section        0  car.o(i.TURN_LEFT_MOTOR)
    i.TURN_RIGHT                             0x00001124   Section        0  car.o(i.TURN_RIGHT)
    i.TURN_RIGHT_LED                         0x00001130   Section        0  pwm.o(i.TURN_RIGHT_LED)
    i.TURN_RIGHT_MOTOR                       0x0000115c   Section        0  car.o(i.TURN_RIGHT_MOTOR)
    i.Timer_Init                             0x00001190   Section        0  timer.o(i.Timer_Init)
    i.UART0_IRQHandler                       0x00001218   Section        0  serial.o(i.UART0_IRQHandler)
    i.UART3_IRQHandler                       0x00001278   Section        0  hm10.o(i.UART3_IRQHandler)
    i.Ultrasonic_Capture_Timer_Init          0x000012b0   Section        0  ultrasonic.o(i.Ultrasonic_Capture_Timer_Init)
    i.Ultrasonic_Init                        0x00001314   Section        0  ultrasonic.o(i.Ultrasonic_Init)
    i.Ultrasonic_Start_Trigger_Timer         0x00001330   Section        0  ultrasonic.o(i.Ultrasonic_Start_Trigger_Timer)
    i.Ultrasonic_Trigger_Timer_Init          0x00001370   Section        0  ultrasonic.o(i.Ultrasonic_Trigger_Timer_Init)
    i.__0sprintf$3                           0x00001410   Section        0  printf3.o(i.__0sprintf$3)
    i.__NVIC_EnableIRQ                       0x00001438   Section        0  ultrasonic.o(i.__NVIC_EnableIRQ)
    __NVIC_EnableIRQ                         0x00001439   Thumb Code    26  ultrasonic.o(i.__NVIC_EnableIRQ)
    i.__scatterload_copy                     0x00001452   Section       14  handlers.o(i.__scatterload_copy)
    i.__scatterload_zeroinit                 0x00001460   Section       14  handlers.o(i.__scatterload_zeroinit)
    i._printf_core                           0x00001470   Section        0  printf3.o(i._printf_core)
    _printf_core                             0x00001471   Thumb Code   436  printf3.o(i._printf_core)
    i._sputc                                 0x00001628   Section        0  printf3.o(i._sputc)
    _sputc                                   0x00001629   Thumb Code    10  printf3.o(i._sputc)
    i.autoInit                               0x00001634   Section        0  main.o(i.autoInit)
    i.change_velocity                        0x00001688   Section        0  car.o(i.change_velocity)
    i.enableADC                              0x000016bc   Section        0  adc.o(i.enableADC)
    i.fpu_init                               0x000016d8   Section        0  system_lpc407x_8x_177x_8x.o(i.fpu_init)
    i.init                                   0x00001728   Section        0  main.o(i.init)
    i.main                                   0x00001784   Section        0  main.o(i.main)
    i.updateAuto                             0x000017dc   Section        0  main.o(i.updateAuto)
    i.updateTest                             0x000019e8   Section        0  main.o(i.updateTest)
    i.velocity_Calculator                    0x00001b60   Section        0  car.o(i.velocity_Calculator)
    .data                                    0x10000000   Section       57  main.o(.data)
    .data                                    0x1000003c   Section        4  external.o(.data)
    .data                                    0x10000040   Section        4  car.o(.data)
    .data                                    0x10000044   Section        6  adc.o(.data)
    .data                                    0x1000004c   Section       19  ultrasonic.o(.data)
    .data                                    0x10000060   Section        8  hm10.o(.data)
    .data                                    0x10000068   Section       24  serial.o(.data)
    .data                                    0x10000080   Section       16  system_lpc407x_8x_177x_8x.o(.data)
    .bss                                     0x10000090   Section       20  adc.o(.bss)
    .bss                                     0x100000a4   Section      256  hm10.o(.bss)
    STACK                                    0x100001a8   Section     1024  startup_lpc407x_8x_177x_8x.o(STACK)

    Global Symbols

    Symbol Name                              Value     Ov Type        Size  Object(Section)

    BuildAttributes$$THM_ISAv4$E$P$D$K$B$S$7EM$VFPi3$EXTD16$VFPS$VFMA$PE$A:L22UL41UL21$X:L11$S22US41US21$IEEE1$IW$USESV6$~STKCKD$USESV7$~SHL$OSPACE$ROPI$EBA8$MICROLIB$REQ8$PRES8$EABIv2 0x00000000   Number         0  anon$$obj.o ABSOLUTE
    __ARM_use_no_argv                        0x00000000   Number         0  main.o ABSOLUTE
    __Vectors                                0x00000000   Data           4  startup_lpc407x_8x_177x_8x.o(RESET)
    _printf_a                                0x00000000   Number         0  stubs.o ABSOLUTE
    _printf_c                                0x00000000   Number         0  stubs.o ABSOLUTE
    _printf_charcount                        0x00000000   Number         0  stubs.o ABSOLUTE
    _printf_d                                0x00000000   Number         0  stubs.o ABSOLUTE
    _printf_e                                0x00000000   Number         0  stubs.o ABSOLUTE
    _printf_f                                0x00000000   Number         0  stubs.o ABSOLUTE
    _printf_flags                            0x00000000   Number         0  stubs.o ABSOLUTE
    _printf_fp_dec                           0x00000000   Number         0  stubs.o ABSOLUTE
    _printf_fp_hex                           0x00000000   Number         0  stubs.o ABSOLUTE
    _printf_g                                0x00000000   Number         0  stubs.o ABSOLUTE
    _printf_i                                0x00000000   Number         0  stubs.o ABSOLUTE
    _printf_int_dec                          0x00000000   Number         0  stubs.o ABSOLUTE
    _printf_l                                0x00000000   Number         0  stubs.o ABSOLUTE
    _printf_lc                               0x00000000   Number         0  stubs.o ABSOLUTE
    _printf_ll                               0x00000000   Number         0  stubs.o ABSOLUTE
    _printf_lld                              0x00000000   Number         0  stubs.o ABSOLUTE
    _printf_lli                              0x00000000   Number         0  stubs.o ABSOLUTE
    _printf_llo                              0x00000000   Number         0  stubs.o ABSOLUTE
    _printf_llu                              0x00000000   Number         0  stubs.o ABSOLUTE
    _printf_llx                              0x00000000   Number         0  stubs.o ABSOLUTE
    _printf_longlong_dec                     0x00000000   Number         0  stubs.o ABSOLUTE
    _printf_longlong_hex                     0x00000000   Number         0  stubs.o ABSOLUTE
    _printf_longlong_oct                     0x00000000   Number         0  stubs.o ABSOLUTE
    _printf_ls                               0x00000000   Number         0  stubs.o ABSOLUTE
    _printf_mbtowc                           0x00000000   Number         0  stubs.o ABSOLUTE
    _printf_n                                0x00000000   Number         0  stubs.o ABSOLUTE
    _printf_o                                0x00000000   Number         0  stubs.o ABSOLUTE
    _printf_p                                0x00000000   Number         0  stubs.o ABSOLUTE
    _printf_percent                          0x00000000   Number         0  stubs.o ABSOLUTE
    _printf_pre_padding                      0x00000000   Number         0  stubs.o ABSOLUTE
    _printf_return_value                     0x00000000   Number         0  stubs.o ABSOLUTE
    _printf_s                                0x00000000   Number         0  stubs.o ABSOLUTE
    _printf_sizespec                         0x00000000   Number         0  stubs.o ABSOLUTE
    _printf_str                              0x00000000   Number         0  stubs.o ABSOLUTE
    _printf_truncate_signed                  0x00000000   Number         0  stubs.o ABSOLUTE
    _printf_truncate_unsigned                0x00000000   Number         0  stubs.o ABSOLUTE
    _printf_u                                0x00000000   Number         0  stubs.o ABSOLUTE
    _printf_wc                               0x00000000   Number         0  stubs.o ABSOLUTE
    _printf_wctomb                           0x00000000   Number         0  stubs.o ABSOLUTE
    _printf_widthprec                        0x00000000   Number         0  stubs.o ABSOLUTE
    _printf_x                                0x00000000   Number         0  stubs.o ABSOLUTE
    __cpp_initialize__aeabi_                  - Undefined Weak Reference
    __cxa_finalize                            - Undefined Weak Reference
    __decompress                              - Undefined Weak Reference
    _clock_init                               - Undefined Weak Reference
    _microlib_exit                            - Undefined Weak Reference
    __main                                   0x000000e5   Thumb Code     0  entry.o(.ARM.Collect$$$$00000000)
    _main_stk                                0x000000e5   Thumb Code     0  entry2.o(.ARM.Collect$$$$00000001)
    _main_scatterload                        0x000000e9   Thumb Code     0  entry5.o(.ARM.Collect$$$$00000004)
    __main_after_scatterload                 0x000000ed   Thumb Code     0  entry5.o(.ARM.Collect$$$$00000004)
    _main_clock                              0x000000ed   Thumb Code     0  entry7b.o(.ARM.Collect$$$$00000008)
    _main_cpp_init                           0x000000ed   Thumb Code     0  entry8b.o(.ARM.Collect$$$$0000000A)
    _main_init                               0x000000ed   Thumb Code     0  entry9a.o(.ARM.Collect$$$$0000000B)
    __rt_final_cpp                           0x000000f5   Thumb Code     0  entry10a.o(.ARM.Collect$$$$0000000D)
    __rt_final_exit                          0x000000f5   Thumb Code     0  entry11a.o(.ARM.Collect$$$$0000000F)
    Reset_Handler                            0x000000f9   Thumb Code     8  startup_lpc407x_8x_177x_8x.o(.text)
    NMI_Handler                              0x00000101   Thumb Code     2  startup_lpc407x_8x_177x_8x.o(.text)
    HardFault_Handler                        0x00000103   Thumb Code     2  startup_lpc407x_8x_177x_8x.o(.text)
    MemManage_Handler                        0x00000105   Thumb Code     2  startup_lpc407x_8x_177x_8x.o(.text)
    BusFault_Handler                         0x00000107   Thumb Code     2  startup_lpc407x_8x_177x_8x.o(.text)
    UsageFault_Handler                       0x00000109   Thumb Code     2  startup_lpc407x_8x_177x_8x.o(.text)
    SVC_Handler                              0x0000010b   Thumb Code     2  startup_lpc407x_8x_177x_8x.o(.text)
    DebugMon_Handler                         0x0000010d   Thumb Code     2  startup_lpc407x_8x_177x_8x.o(.text)
    PendSV_Handler                           0x0000010f   Thumb Code     2  startup_lpc407x_8x_177x_8x.o(.text)
    SysTick_Handler                          0x00000111   Thumb Code     2  startup_lpc407x_8x_177x_8x.o(.text)
    BOD_IRQHandler                           0x00000113   Thumb Code     0  startup_lpc407x_8x_177x_8x.o(.text)
    CANActivity_IRQHandler                   0x00000113   Thumb Code     0  startup_lpc407x_8x_177x_8x.o(.text)
    CAN_IRQHandler                           0x00000113   Thumb Code     0  startup_lpc407x_8x_177x_8x.o(.text)
    DMA_IRQHandler                           0x00000113   Thumb Code     0  startup_lpc407x_8x_177x_8x.o(.text)
    EEPROM_IRQHandler                        0x00000113   Thumb Code     0  startup_lpc407x_8x_177x_8x.o(.text)
    EINT1_IRQHandler                         0x00000113   Thumb Code     0  startup_lpc407x_8x_177x_8x.o(.text)
    EINT2_IRQHandler                         0x00000113   Thumb Code     0  startup_lpc407x_8x_177x_8x.o(.text)
    EINT3_IRQHandler                         0x00000113   Thumb Code     0  startup_lpc407x_8x_177x_8x.o(.text)
    ENET_IRQHandler                          0x00000113   Thumb Code     0  startup_lpc407x_8x_177x_8x.o(.text)
    GPIO_IRQHandler                          0x00000113   Thumb Code     0  startup_lpc407x_8x_177x_8x.o(.text)
    I2C0_IRQHandler                          0x00000113   Thumb Code     0  startup_lpc407x_8x_177x_8x.o(.text)
    I2C1_IRQHandler                          0x00000113   Thumb Code     0  startup_lpc407x_8x_177x_8x.o(.text)
    I2C2_IRQHandler                          0x00000113   Thumb Code     0  startup_lpc407x_8x_177x_8x.o(.text)
    I2S_IRQHandler                           0x00000113   Thumb Code     0  startup_lpc407x_8x_177x_8x.o(.text)
    LCD_IRQHandler                           0x00000113   Thumb Code     0  startup_lpc407x_8x_177x_8x.o(.text)
    MCI_IRQHandler                           0x00000113   Thumb Code     0  startup_lpc407x_8x_177x_8x.o(.text)
    MCPWM_IRQHandler                         0x00000113   Thumb Code     0  startup_lpc407x_8x_177x_8x.o(.text)
    PLL0_IRQHandler                          0x00000113   Thumb Code     0  startup_lpc407x_8x_177x_8x.o(.text)
    PLL1_IRQHandler                          0x00000113   Thumb Code     0  startup_lpc407x_8x_177x_8x.o(.text)
    PWM0_IRQHandler                          0x00000113   Thumb Code     0  startup_lpc407x_8x_177x_8x.o(.text)
    PWM1_IRQHandler                          0x00000113   Thumb Code     0  startup_lpc407x_8x_177x_8x.o(.text)
    QEI_IRQHandler                           0x00000113   Thumb Code     0  startup_lpc407x_8x_177x_8x.o(.text)
    RTC_IRQHandler                           0x00000113   Thumb Code     0  startup_lpc407x_8x_177x_8x.o(.text)
    SSP0_IRQHandler                          0x00000113   Thumb Code     0  startup_lpc407x_8x_177x_8x.o(.text)
    SSP1_IRQHandler                          0x00000113   Thumb Code     0  startup_lpc407x_8x_177x_8x.o(.text)
    SSP2_IRQHandler                          0x00000113   Thumb Code     0  startup_lpc407x_8x_177x_8x.o(.text)
    TIMER0_IRQHandler                        0x00000113   Thumb Code     0  startup_lpc407x_8x_177x_8x.o(.text)
    TIMER1_IRQHandler                        0x00000113   Thumb Code     0  startup_lpc407x_8x_177x_8x.o(.text)
    UART1_IRQHandler                         0x00000113   Thumb Code     0  startup_lpc407x_8x_177x_8x.o(.text)
    UART2_IRQHandler                         0x00000113   Thumb Code     0  startup_lpc407x_8x_177x_8x.o(.text)
    UART4_IRQHandler                         0x00000113   Thumb Code     0  startup_lpc407x_8x_177x_8x.o(.text)
    USBActivity_IRQHandler                   0x00000113   Thumb Code     0  startup_lpc407x_8x_177x_8x.o(.text)
    USB_IRQHandler                           0x00000113   Thumb Code     0  startup_lpc407x_8x_177x_8x.o(.text)
    WDT_IRQHandler                           0x00000113   Thumb Code     0  startup_lpc407x_8x_177x_8x.o(.text)
    strcmp                                   0x0000011d   Thumb Code    28  strcmp.o(.text)
    __aeabi_uidiv                            0x00000139   Thumb Code     0  uidiv.o(.text)
    __aeabi_uidivmod                         0x00000139   Thumb Code    44  uidiv.o(.text)
    __scatterload                            0x00000165   Thumb Code    28  init.o(.text)
    __scatterload_rt2                        0x00000165   Thumb Code     0  init.o(.text)
    ADC_GetLastValue                         0x00000189   Thumb Code    10  adc.o(i.ADC_GetLastValue)
    ADC_IRQHandler                           0x0000019d   Thumb Code   108  adc.o(i.ADC_IRQHandler)
    ADC_Start                                0x0000021d   Thumb Code    16  adc.o(i.ADC_Start)
    EINT0_IRQHandler                         0x00000231   Thumb Code    26  external.o(i.EINT0_IRQHandler)
    External_Init                            0x00000259   Thumb Code    78  external.o(i.External_Init)
    GO_BACKWARD                              0x000002b5   Thumb Code    12  car.o(i.GO_BACKWARD)
    GO_BACKWARD_LED                          0x000002c1   Thumb Code    42  pwm.o(i.GO_BACKWARD_LED)
    GO_FORWARD                               0x000002eb   Thumb Code    12  car.o(i.GO_FORWARD)
    __scatterload_null                       0x000002f7   Thumb Code     2  handlers.o(i.__scatterload_null)
    ADC_Init                                 0x00000301   Thumb Code   236  adc.o(i.ADC_Init)
    GO_BACKWARD_MOTOR                        0x00000401   Thumb Code    48  car.o(i.GO_BACKWARD_MOTOR)
    GO_FORWARD_LED                           0x00000435   Thumb Code    42  pwm.o(i.GO_FORWARD_LED)
    GO_FORWARD_MOTOR                         0x00000461   Thumb Code    48  car.o(i.GO_FORWARD_MOTOR)
    GPIO_DIR_Write                           0x00000495   Thumb Code    18  gpio.o(i.GPIO_DIR_Write)
    GPIO_Motor_Init                          0x000004a9   Thumb Code    94  gpio.o(i.GPIO_Motor_Init)
    GPIO_PIN_Write                           0x00000515   Thumb Code    18  gpio.o(i.GPIO_PIN_Write)
    HM10_ClearBuffer                         0x00000529   Thumb Code    30  hm10.o(i.HM10_ClearBuffer)
    HM10_Init                                0x00000551   Thumb Code   188  hm10.o(i.HM10_Init)
    HM10_ReadCommand                         0x00000631   Thumb Code   184  hm10.o(i.HM10_ReadCommand)
    HM10_ReadData                            0x0000079d   Thumb Code    20  hm10.o(i.HM10_ReadData)
    HM10_Write                               0x000007b5   Thumb Code    22  hm10.o(i.HM10_Write)
    HM10_WriteData                           0x000007cd   Thumb Code    20  hm10.o(i.HM10_WriteData)
    MOVE_AUTO                                0x000007e5   Thumb Code   106  car.o(i.MOVE_AUTO)
    PWM0_Cycle_Rate                          0x00000855   Thumb Code    28  pwm.o(i.PWM0_Cycle_Rate)
    PWM0_Init                                0x00000875   Thumb Code   186  pwm.o(i.PWM0_Init)
    PWM0_Write                               0x00000941   Thumb Code   114  pwm.o(i.PWM0_Write)
    PWM1_Init                                0x000009b9   Thumb Code   126  pwm.o(i.PWM1_Init)
    PWM1_Write                               0x00000a49   Thumb Code    64  pwm.o(i.PWM1_Write)
    STOP                                     0x00000a8d   Thumb Code    12  car.o(i.STOP)
    STOP_LED                                 0x00000a99   Thumb Code    42  pwm.o(i.STOP_LED)
    STOP_MOTOR                               0x00000ac5   Thumb Code    48  car.o(i.STOP_MOTOR)
    Serial_DetectCommand                     0x00000af9   Thumb Code   218  serial.o(i.Serial_DetectCommand)
    Serial_ReadData                          0x00000c39   Thumb Code     6  serial.o(i.Serial_ReadData)
    Serial_WriteData                         0x00000c45   Thumb Code    12  serial.o(i.Serial_WriteData)
    SystemCoreClockUpdate                    0x00000c59   Thumb Code   696  system_lpc407x_8x_177x_8x.o(i.SystemCoreClockUpdate)
    SystemInit                               0x00000f2d   Thumb Code   220  system_lpc407x_8x_177x_8x.o(i.SystemInit)
    TIMER2_IRQHandler                        0x00001019   Thumb Code    68  ultrasonic.o(i.TIMER2_IRQHandler)
    TIMER3_IRQHandler                        0x00001065   Thumb Code    64  ultrasonic.o(i.TIMER3_IRQHandler)
    TURN_LEFT                                0x000010b9   Thumb Code    12  car.o(i.TURN_LEFT)
    TURN_LEFT_LED                            0x000010c5   Thumb Code    44  pwm.o(i.TURN_LEFT_LED)
    TURN_LEFT_MOTOR                          0x000010f1   Thumb Code    48  car.o(i.TURN_LEFT_MOTOR)
    TURN_RIGHT                               0x00001125   Thumb Code    12  car.o(i.TURN_RIGHT)
    TURN_RIGHT_LED                           0x00001131   Thumb Code    44  pwm.o(i.TURN_RIGHT_LED)
    TURN_RIGHT_MOTOR                         0x0000115d   Thumb Code    48  car.o(i.TURN_RIGHT_MOTOR)
    Timer_Init                               0x00001191   Thumb Code   126  timer.o(i.Timer_Init)
    UART0_IRQHandler                         0x00001219   Thumb Code    74  serial.o(i.UART0_IRQHandler)
    UART3_IRQHandler                         0x00001279   Thumb Code    44  hm10.o(i.UART3_IRQHandler)
    Ultrasonic_Capture_Timer_Init            0x000012b1   Thumb Code    92  ultrasonic.o(i.Ultrasonic_Capture_Timer_Init)
    Ultrasonic_Init                          0x00001315   Thumb Code    24  ultrasonic.o(i.Ultrasonic_Init)
    Ultrasonic_Start_Trigger_Timer           0x00001331   Thumb Code    58  ultrasonic.o(i.Ultrasonic_Start_Trigger_Timer)
    Ultrasonic_Trigger_Timer_Init            0x00001371   Thumb Code   138  ultrasonic.o(i.Ultrasonic_Trigger_Timer_Init)
    __0sprintf$3                             0x00001411   Thumb Code    34  printf3.o(i.__0sprintf$3)
    __1sprintf$3                             0x00001411   Thumb Code     0  printf3.o(i.__0sprintf$3)
    __2sprintf                               0x00001411   Thumb Code     0  printf3.o(i.__0sprintf$3)
    __scatterload_copy                       0x00001453   Thumb Code    14  handlers.o(i.__scatterload_copy)
    __scatterload_zeroinit                   0x00001461   Thumb Code    14  handlers.o(i.__scatterload_zeroinit)
    autoInit                                 0x00001635   Thumb Code    58  main.o(i.autoInit)
    change_velocity                          0x00001689   Thumb Code    48  car.o(i.change_velocity)
    enableADC                                0x000016bd   Thumb Code    22  adc.o(i.enableADC)
    fpu_init                                 0x000016d9   Thumb Code    62  system_lpc407x_8x_177x_8x.o(i.fpu_init)
    init                                     0x00001729   Thumb Code    76  main.o(i.init)
    main                                     0x00001785   Thumb Code    70  main.o(i.main)
    updateAuto                               0x000017dd   Thumb Code   472  main.o(i.updateAuto)
    updateTest                               0x000019e9   Thumb Code   354  main.o(i.updateTest)
    velocity_Calculator                      0x00001b61   Thumb Code    32  car.o(i.velocity_Calculator)
    Region$$Table$$Base                      0x00001b80   Number         0  anon$$obj.o(Region$$Table)
    Region$$Table$$Limit                     0x00001ba0   Number         0  anon$$obj.o(Region$$Table)
    lastStatus                               0x10000000   Data           4  main.o(.data)
    auto_status                              0x10000004   Data           4  main.o(.data)
    lastDistance                             0x10000008   Data           4  main.o(.data)
    lastTurn                                 0x1000000c   Data           4  main.o(.data)
    isAuto                                   0x10000010   Data           1  main.o(.data)
    isTest                                   0x10000011   Data           1  main.o(.data)
    isFixStart                               0x10000014   Data           4  main.o(.data)
    isTurning                                0x10000018   Data           4  main.o(.data)
    isHardTurning                            0x1000001c   Data           4  main.o(.data)
    LDRStop                                  0x10000020   Data           4  main.o(.data)
    status                                   0x10000024   Data           4  main.o(.data)
    mehmetMode                               0x10000028   Data           4  main.o(.data)
    turnNumber                               0x1000002c   Data           4  main.o(.data)
    mehmetFlag                               0x10000030   Data           4  main.o(.data)
    message                                  0x10000034   Data           4  main.o(.data)
    autoFirstTime                            0x10000038   Data           1  main.o(.data)
    turn                                     0x1000003c   Data           4  external.o(.data)
    velocity                                 0x10000040   Data           4  car.o(.data)
    ADC_Last                                 0x10000044   Data           4  adc.o(.data)
    ADC_New_Data_Available                   0x10000048   Data           1  adc.o(.data)
    selectedADC                              0x10000049   Data           1  adc.o(.data)
    ultrasonicSensorRisingCaptureTime        0x1000004c   Data           4  ultrasonic.o(.data)
    ultrasonicSensorFallingCaptureTime       0x10000050   Data           4  ultrasonic.o(.data)
    ultrasonicSensorDuration                 0x10000054   Data           4  ultrasonic.o(.data)
    ultrasonicSensorDistance                 0x10000058   Data           4  ultrasonic.o(.data)
    ultrasonicSensorNewDataAvailable         0x1000005c   Data           1  ultrasonic.o(.data)
    ultrasonicSensorTriggerStart             0x1000005d   Data           1  ultrasonic.o(.data)
    ultrasonicSensorCaptureRisingEdge        0x1000005e   Data           1  ultrasonic.o(.data)
    HM10CurrentBufferIndex                   0x10000060   Data           1  hm10.o(.data)
    HM10NewDataAvailable                     0x10000061   Data           1  hm10.o(.data)
    HM10EndOfLine                            0x10000062   Data           1  hm10.o(.data)
    statusCame                               0x10000064   Data           4  hm10.o(.data)
    serialReceivedCharacter                  0x10000068   Data           1  serial.o(.data)
    serialNewDataAvailable                   0x10000069   Data           1  serial.o(.data)
    serialTransmitData                       0x1000006c   Data           4  serial.o(.data)
    serialTransmitCompleted                  0x10000070   Data           1  serial.o(.data)
    size                                     0x10000074   Data           4  serial.o(.data)
    serialSelectedCommand                    0x10000078   Data           4  serial.o(.data)
    selectedMode                             0x1000007c   Data           4  serial.o(.data)
    SystemCoreClock                          0x10000080   Data           4  system_lpc407x_8x_177x_8x.o(.data)
    PeripheralClock                          0x10000084   Data           4  system_lpc407x_8x_177x_8x.o(.data)
    EMCClock                                 0x10000088   Data           4  system_lpc407x_8x_177x_8x.o(.data)
    USBClock                                 0x1000008c   Data           4  system_lpc407x_8x_177x_8x.o(.data)
    ADC_Last_Value                           0x10000090   Data          20  adc.o(.bss)
    HM10Buffer                               0x100000a4   Data         256  hm10.o(.bss)
    __initial_sp                             0x100005a8   Data           0  startup_lpc407x_8x_177x_8x.o(STACK)



==============================================================================

Memory Map of the image

  Image Entry point : 0x000000f9

  Load Region LR_1 (Base: 0x00000000, Size: 0x00001c30, Max: 0xffffffff, ABSOLUTE)

    Execution Region ER_RO (Exec base: 0x00000000, Load base: 0x00000000, Size: 0x00001ba0, Max: 0xffffffff, ABSOLUTE)

    Exec Addr    Load Addr    Size         Type   Attr      Idx    E Section Name        Object

    0x00000000   0x00000000   0x000000e4   Data   RO          910    RESET               startup_lpc407x_8x_177x_8x.o
    0x000000e4   0x000000e4   0x00000000   Code   RO          960  * .ARM.Collect$$$$00000000  mc_w.l(entry.o)
    0x000000e4   0x000000e4   0x00000004   Code   RO         1226    .ARM.Collect$$$$00000001  mc_w.l(entry2.o)
    0x000000e8   0x000000e8   0x00000004   Code   RO         1229    .ARM.Collect$$$$00000004  mc_w.l(entry5.o)
    0x000000ec   0x000000ec   0x00000000   Code   RO         1231    .ARM.Collect$$$$00000008  mc_w.l(entry7b.o)
    0x000000ec   0x000000ec   0x00000000   Code   RO         1233    .ARM.Collect$$$$0000000A  mc_w.l(entry8b.o)
    0x000000ec   0x000000ec   0x00000008   Code   RO         1234    .ARM.Collect$$$$0000000B  mc_w.l(entry9a.o)
    0x000000f4   0x000000f4   0x00000000   Code   RO         1236    .ARM.Collect$$$$0000000D  mc_w.l(entry10a.o)
    0x000000f4   0x000000f4   0x00000000   Code   RO         1238    .ARM.Collect$$$$0000000F  mc_w.l(entry11a.o)
    0x000000f4   0x000000f4   0x00000004   Code   RO         1227    .ARM.Collect$$$$00002712  mc_w.l(entry2.o)
    0x000000f8   0x000000f8   0x00000024   Code   RO          912  * .text               startup_lpc407x_8x_177x_8x.o
    0x0000011c   0x0000011c   0x0000001c   Code   RO          963    .text               mc_w.l(strcmp.o)
    0x00000138   0x00000138   0x0000002c   Code   RO         1243    .text               mc_w.l(uidiv.o)
    0x00000164   0x00000164   0x00000024   Code   RO         1258    .text               mc_w.l(init.o)
    0x00000188   0x00000188   0x00000014   Code   RO          590    i.ADC_GetLastValue  adc.o
    0x0000019c   0x0000019c   0x00000080   Code   RO          591    i.ADC_IRQHandler    adc.o
    0x0000021c   0x0000021c   0x00000014   Code   RO          593    i.ADC_Start         adc.o
    0x00000230   0x00000230   0x00000028   Code   RO          334    i.EINT0_IRQHandler  external.o
    0x00000258   0x00000258   0x0000005c   Code   RO          335    i.External_Init     external.o
    0x000002b4   0x000002b4   0x0000000c   Code   RO          485    i.GO_BACKWARD       car.o
    0x000002c0   0x000002c0   0x0000002a   Code   RO          244    i.GO_BACKWARD_LED   pwm.o
    0x000002ea   0x000002ea   0x0000000c   Code   RO          487    i.GO_FORWARD        car.o
    0x000002f6   0x000002f6   0x00000002   Code   RO         1273    i.__scatterload_null  mc_w.l(handlers.o)
    0x000002f8   0x000002f8   0x00000004   PAD
    0x000002fc   0x000002fc   0x00000004   Code   RO          911    .ARM.__at_0x02FC    startup_lpc407x_8x_177x_8x.o
    0x00000300   0x00000300   0x00000100   Code   RO          592    i.ADC_Init          adc.o
    0x00000400   0x00000400   0x00000034   Code   RO          486    i.GO_BACKWARD_MOTOR  car.o
    0x00000434   0x00000434   0x0000002a   Code   RO          245    i.GO_FORWARD_LED    pwm.o
    0x0000045e   0x0000045e   0x00000002   PAD
    0x00000460   0x00000460   0x00000034   Code   RO          488    i.GO_FORWARD_MOTOR  car.o
    0x00000494   0x00000494   0x00000012   Code   RO          142    i.GPIO_DIR_Write    gpio.o
    0x000004a6   0x000004a6   0x00000002   PAD
    0x000004a8   0x000004a8   0x0000006c   Code   RO          143    i.GPIO_Motor_Init   gpio.o
    0x00000514   0x00000514   0x00000012   Code   RO          145    i.GPIO_PIN_Write    gpio.o
    0x00000526   0x00000526   0x00000002   PAD
    0x00000528   0x00000528   0x00000028   Code   RO          745    i.HM10_ClearBuffer  hm10.o
    0x00000550   0x00000550   0x000000e0   Code   RO          746    i.HM10_Init         hm10.o
    0x00000630   0x00000630   0x0000016c   Code   RO          747    i.HM10_ReadCommand  hm10.o
    0x0000079c   0x0000079c   0x00000018   Code   RO          748    i.HM10_ReadData     hm10.o
    0x000007b4   0x000007b4   0x00000016   Code   RO          750    i.HM10_Write        hm10.o
    0x000007ca   0x000007ca   0x00000002   PAD
    0x000007cc   0x000007cc   0x00000018   Code   RO          751    i.HM10_WriteData    hm10.o
    0x000007e4   0x000007e4   0x00000070   Code   RO          489    i.MOVE_AUTO         car.o
    0x00000854   0x00000854   0x00000020   Code   RO          246    i.PWM0_Cycle_Rate   pwm.o
    0x00000874   0x00000874   0x000000cc   Code   RO          247    i.PWM0_Init         pwm.o
    0x00000940   0x00000940   0x00000078   Code   RO          248    i.PWM0_Write        pwm.o
    0x000009b8   0x000009b8   0x00000090   Code   RO          250    i.PWM1_Init         pwm.o
    0x00000a48   0x00000a48   0x00000044   Code   RO          251    i.PWM1_Write        pwm.o
    0x00000a8c   0x00000a8c   0x0000000c   Code   RO          490    i.STOP              car.o
    0x00000a98   0x00000a98   0x0000002a   Code   RO          252    i.STOP_LED          pwm.o
    0x00000ac2   0x00000ac2   0x00000002   PAD
    0x00000ac4   0x00000ac4   0x00000034   Code   RO          491    i.STOP_MOTOR        car.o
    0x00000af8   0x00000af8   0x00000140   Code   RO          830    i.Serial_DetectCommand  serial.o
    0x00000c38   0x00000c38   0x0000000c   Code   RO          833    i.Serial_ReadData   serial.o
    0x00000c44   0x00000c44   0x00000014   Code   RO          834    i.Serial_WriteData  serial.o
    0x00000c58   0x00000c58   0x000002d4   Code   RO          921    i.SystemCoreClockUpdate  system_lpc407x_8x_177x_8x.o
    0x00000f2c   0x00000f2c   0x000000ec   Code   RO          922    i.SystemInit        system_lpc407x_8x_177x_8x.o
    0x00001018   0x00001018   0x0000004c   Code   RO          676    i.TIMER2_IRQHandler  ultrasonic.o
    0x00001064   0x00001064   0x00000054   Code   RO          677    i.TIMER3_IRQHandler  ultrasonic.o
    0x000010b8   0x000010b8   0x0000000c   Code   RO          492    i.TURN_LEFT         car.o
    0x000010c4   0x000010c4   0x0000002c   Code   RO          253    i.TURN_LEFT_LED     pwm.o
    0x000010f0   0x000010f0   0x00000034   Code   RO          493    i.TURN_LEFT_MOTOR   car.o
    0x00001124   0x00001124   0x0000000c   Code   RO          494    i.TURN_RIGHT        car.o
    0x00001130   0x00001130   0x0000002c   Code   RO          254    i.TURN_RIGHT_LED    pwm.o
    0x0000115c   0x0000115c   0x00000034   Code   RO          495    i.TURN_RIGHT_MOTOR  car.o
    0x00001190   0x00001190   0x00000088   Code   RO          649    i.Timer_Init        timer.o
    0x00001218   0x00001218   0x00000060   Code   RO          835    i.UART0_IRQHandler  serial.o
    0x00001278   0x00001278   0x00000038   Code   RO          752    i.UART3_IRQHandler  hm10.o
    0x000012b0   0x000012b0   0x00000064   Code   RO          678    i.Ultrasonic_Capture_Timer_Init  ultrasonic.o
    0x00001314   0x00001314   0x0000001c   Code   RO          679    i.Ultrasonic_Init   ultrasonic.o
    0x00001330   0x00001330   0x00000040   Code   RO          680    i.Ultrasonic_Start_Trigger_Timer  ultrasonic.o
    0x00001370   0x00001370   0x000000a0   Code   RO          681    i.Ultrasonic_Trigger_Timer_Init  ultrasonic.o
    0x00001410   0x00001410   0x00000028   Code   RO         1056    i.__0sprintf$3      mc_w.l(printf3.o)
    0x00001438   0x00001438   0x0000001a   Code   RO          682    i.__NVIC_EnableIRQ  ultrasonic.o
    0x00001452   0x00001452   0x0000000e   Code   RO         1272    i.__scatterload_copy  mc_w.l(handlers.o)
    0x00001460   0x00001460   0x0000000e   Code   RO         1274    i.__scatterload_zeroinit  mc_w.l(handlers.o)
    0x0000146e   0x0000146e   0x00000002   PAD
    0x00001470   0x00001470   0x000001b8   Code   RO         1061    i._printf_core      mc_w.l(printf3.o)
    0x00001628   0x00001628   0x0000000a   Code   RO         1063    i._sputc            mc_w.l(printf3.o)
    0x00001632   0x00001632   0x00000002   PAD
    0x00001634   0x00001634   0x00000054   Code   RO            4    i.autoInit          main.o
    0x00001688   0x00001688   0x00000034   Code   RO          496    i.change_velocity   car.o
    0x000016bc   0x000016bc   0x0000001c   Code   RO          594    i.enableADC         adc.o
    0x000016d8   0x000016d8   0x00000050   Code   RO          923    i.fpu_init          system_lpc407x_8x_177x_8x.o
    0x00001728   0x00001728   0x0000005c   Code   RO            5    i.init              main.o
    0x00001784   0x00001784   0x00000058   Code   RO            6    i.main              main.o
    0x000017dc   0x000017dc   0x0000020c   Code   RO            8    i.updateAuto        main.o
    0x000019e8   0x000019e8   0x00000178   Code   RO            9    i.updateTest        main.o
    0x00001b60   0x00001b60   0x00000020   Code   RO          497    i.velocity_Calculator  car.o
    0x00001b80   0x00001b80   0x00000020   Data   RO         1270    Region$$Table       anon$$obj.o


    Execution Region ER_RW (Exec base: 0x10000000, Load base: 0x00001ba0, Size: 0x00000090, Max: 0xffffffff, ABSOLUTE)

    Exec Addr    Load Addr    Size         Type   Attr      Idx    E Section Name        Object

    0x10000000   0x00001ba0   0x00000039   Data   RW           10    .data               main.o
    0x10000039   0x00001bd9   0x00000003   PAD
    0x1000003c   0x00001bdc   0x00000004   Data   RW          336    .data               external.o
    0x10000040   0x00001be0   0x00000004   Data   RW          498    .data               car.o
    0x10000044   0x00001be4   0x00000006   Data   RW          596    .data               adc.o
    0x1000004a   0x00001bea   0x00000002   PAD
    0x1000004c   0x00001bec   0x00000013   Data   RW          683    .data               ultrasonic.o
    0x1000005f   0x00001bff   0x00000001   PAD
    0x10000060   0x00001c00   0x00000008   Data   RW          754    .data               hm10.o
    0x10000068   0x00001c08   0x00000018   Data   RW          838    .data               serial.o
    0x10000080   0x00001c20   0x00000010   Data   RW          924    .data               system_lpc407x_8x_177x_8x.o


    Execution Region ER_ZI (Exec base: 0x10000090, Load base: 0x00001c30, Size: 0x00000518, Max: 0xffffffff, ABSOLUTE)

    Exec Addr    Load Addr    Size         Type   Attr      Idx    E Section Name        Object

    0x10000090        -       0x00000014   Zero   RW          595    .bss                adc.o
    0x100000a4        -       0x00000100   Zero   RW          753    .bss                hm10.o
    0x100001a4   0x00001c30   0x00000004   PAD
    0x100001a8        -       0x00000400   Zero   RW          908    STACK               startup_lpc407x_8x_177x_8x.o


==============================================================================

Image component sizes


      Code (inc. data)   RO Data    RW Data    ZI Data      Debug   Object Name

       452         60          0          6         20      33599   adc.o
       516         30          0          4          0       6415   car.o
       132         28          0          4          0      31393   external.o
       144         14          0          0          0       3524   gpio.o
       754        246          0          8        256       4833   hm10.o
      1164        134          0         57          0      31325   main.o
       782         50          0          0          0       5175   pwm.o
       448        138          0         24          0       3174   serial.o
        40         12        228          0       1024       1112   startup_lpc407x_8x_177x_8x.o
      1040         62          0         16          0       4644   system_lpc407x_8x_177x_8x.o
       136         10          0          0          0        481   timer.o
       538         68          0         19          0      34691   ultrasonic.o

    ----------------------------------------------------------------------
      6156        852        260        144       1304     160366   Object Totals
         0          0         32          0          0          0   (incl. Generated)
        10          0          0          6          4          0   (incl. Padding)

    ----------------------------------------------------------------------

      Code (inc. data)   RO Data    RW Data    ZI Data      Debug   Library Member Name

         0          0          0          0          0          0   entry.o
         0          0          0          0          0          0   entry10a.o
         0          0          0          0          0          0   entry11a.o
         8          4          0          0          0          0   entry2.o
         4          0          0          0          0          0   entry5.o
         0          0          0          0          0          0   entry7b.o
         0          0          0          0          0          0   entry8b.o
         8          4          0          0          0          0   entry9a.o
        30          0          0          0          0          0   handlers.o
        36          8          0          0          0         68   init.o
       490         10          0          0          0        252   printf3.o
        28          0          0          0          0         76   strcmp.o
        44          0          0          0          0         80   uidiv.o

    ----------------------------------------------------------------------
       656         26          0          0          0        476   Library Totals
         8          0          0          0          0          0   (incl. Padding)

    ----------------------------------------------------------------------

      Code (inc. data)   RO Data    RW Data    ZI Data      Debug   Library Name

       648         26          0          0          0        476   mc_w.l

    ----------------------------------------------------------------------
       656         26          0          0          0        476   Library Totals

    ----------------------------------------------------------------------

==============================================================================


      Code (inc. data)   RO Data    RW Data    ZI Data      Debug   

      6812        878        260        144       1304     155390   Grand Totals
      6812        878        260        144       1304     155390   ELF Image Totals
      6812        878        260        144          0          0   ROM Totals

==============================================================================

    Total RO  Size (Code + RO Data)                 7072 (   6.91kB)
    Total RW  Size (RW Data + ZI Data)              1448 (   1.41kB)
    Total ROM Size (Code + RO Data + RW Data)       7216 (   7.05kB)

==============================================================================

